Configuration on demand is an incubating feature.
> Task :app:preBuild UP-TO-DATE
> Task :data:network:preBuild UP-TO-DATE
> Task :data:database:preBuild UP-TO-DATE
> Task :feature:home:preBuild UP-TO-DATE
> Task :app:preFullDebugBuild UP-TO-DATE
> Task :data:database:preDebugBuild UP-TO-DATE
> Task :data:network:preDebugBuild UP-TO-DATE
> Task :core:ui:preBuild UP-TO-DATE
> Task :data:repository:preBuild UP-TO-DATE
> Task :data:repository:preDebugBuild UP-TO-DATE
> Task :data:network:writeDebugAarMetadata UP-TO-DATE
> Task :data:database:writeDebugAarMetadata UP-TO-DATE
> Task :feature:home:preDebugBuild UP-TO-DATE
> Task :data:repository:writeDebugAarMetadata UP-TO-DATE
> Task :feature:home:writeDebugAarMetadata UP-TO-DATE
> Task :core:ui:preDebugBuild UP-TO-DATE
> Task :app:mergeFullDebugNativeDebugMetadata NO-SOURCE
> Task :app:checkKotlinGradlePluginConfigurationErrors SKIPPED
> Task :core:ui:writeDebugAarMetadata UP-TO-DATE
> Task :app:generateFullDebugBuildConfig UP-TO-DATE
> Task :app:generateFullDebugResValues UP-TO-DATE
> Task :media:playback:preBuild UP-TO-DATE
> Task :media:playback:preDebugBuild UP-TO-DATE
> Task :media:playback:writeDebugAarMetadata UP-TO-DATE
> Task :core:ui:generateDebugResValues UP-TO-DATE
> Task :core:ui:generateDebugResources UP-TO-DATE
> Task :data:database:generateDebugResValues UP-TO-DATE
> Task :data:database:generateDebugResources UP-TO-DATE
> Task :data:database:packageDebugResources UP-TO-DATE
> Task :core:model:preBuild UP-TO-DATE
> Task :core:model:preDebugBuild UP-TO-DATE
> Task :data:network:generateDebugResValues UP-TO-DATE
> Task :data:network:generateDebugResources UP-TO-DATE
> Task :core:model:writeDebugAarMetadata UP-TO-DATE
> Task :core:ui:packageDebugResources UP-TO-DATE
> Task :core:model:generateDebugResValues UP-TO-DATE
> Task :core:model:generateDebugResources UP-TO-DATE
> Task :core:model:packageDebugResources UP-TO-DATE
> Task :data:network:packageDebugResources UP-TO-DATE
> Task :media:playback:generateDebugResValues UP-TO-DATE
> Task :media:playback:generateDebugResources UP-TO-DATE
> Task :feature:home:generateDebugResValues UP-TO-DATE
> Task :media:playback:packageDebugResources UP-TO-DATE
> Task :data:repository:generateDebugResValues UP-TO-DATE
> Task :data:repository:generateDebugResources UP-TO-DATE
> Task :app:generateFullDebugResources UP-TO-DATE
> Task :core:common:preBuild UP-TO-DATE
> Task :core:common:preDebugBuild UP-TO-DATE
> Task :app:packageFullDebugResources UP-TO-DATE
> Task :data:repository:packageDebugResources UP-TO-DATE
> Task :core:common:writeDebugAarMetadata UP-TO-DATE
> Task :core:model:extractDeepLinksDebug UP-TO-DATE
> Task :core:common:generateDebugResValues UP-TO-DATE
> Task :core:common:generateDebugResources UP-TO-DATE
> Task :core:model:processDebugManifest UP-TO-DATE
> Task :core:ui:extractDeepLinksDebug UP-TO-DATE
> Task :core:ui:processDebugManifest UP-TO-DATE
> Task :data:database:extractDeepLinksDebug UP-TO-DATE
> Task :core:common:packageDebugResources UP-TO-DATE
> Task :app:parseFullDebugLocalResources UP-TO-DATE
> Task :core:common:extractDeepLinksDebug UP-TO-DATE
> Task :data:database:processDebugManifest UP-TO-DATE
> Task :app:createFullDebugCompatibleScreenManifests UP-TO-DATE
> Task :core:common:processDebugManifest UP-TO-DATE
> Task :app:extractDeepLinksFullDebug UP-TO-DATE
> Task :data:network:extractDeepLinksDebug UP-TO-DATE
> Task :data:repository:extractDeepLinksDebug UP-TO-DATE
> Task :media:playback:extractDeepLinksDebug UP-TO-DATE
> Task :data:network:processDebugManifest UP-TO-DATE
> Task :data:repository:processDebugManifest UP-TO-DATE
> Task :core:common:compileDebugLibraryResources UP-TO-DATE
> Task :core:model:compileDebugLibraryResources UP-TO-DATE
> Task :media:playback:processDebugManifest UP-TO-DATE
> Task :core:ui:compileDebugLibraryResources UP-TO-DATE
> Task :core:common:parseDebugLocalResources UP-TO-DATE
> Task :core:ui:parseDebugLocalResources UP-TO-DATE
> Task :core:common:generateDebugRFile UP-TO-DATE
> Task :data:database:compileDebugLibraryResources UP-TO-DATE
> Task :core:ui:generateDebugRFile UP-TO-DATE
> Task :data:database:parseDebugLocalResources UP-TO-DATE
> Task :data:network:compileDebugLibraryResources UP-TO-DATE
> Task :core:model:parseDebugLocalResources UP-TO-DATE
> Task :core:model:generateDebugRFile UP-TO-DATE
> Task :data:database:generateDebugRFile UP-TO-DATE
> Task :data:network:parseDebugLocalResources UP-TO-DATE
> Task :data:repository:compileDebugLibraryResources UP-TO-DATE
> Task :media:playback:compileDebugLibraryResources UP-TO-DATE
> Task :data:network:generateDebugRFile UP-TO-DATE
> Task :core:common:checkKotlinGradlePluginConfigurationErrors SKIPPED
> Task :feature:library:preBuild UP-TO-DATE
> Task :feature:library:preDebugBuild UP-TO-DATE
> Task :data:repository:parseDebugLocalResources UP-TO-DATE
> Task :media:playback:parseDebugLocalResources UP-TO-DATE
> Task :feature:library:writeDebugAarMetadata UP-TO-DATE
> Task :feature:search:preBuild UP-TO-DATE
> Task :feature:settings:preBuild UP-TO-DATE
> Task :feature:search:preDebugBuild UP-TO-DATE
> Task :feature:library:generateDebugResValues UP-TO-DATE
> Task :feature:library:generateDebugResources UP-TO-DATE
> Task :feature:search:writeDebugAarMetadata UP-TO-DATE
> Task :feature:player:preBuild UP-TO-DATE
> Task :data:repository:generateDebugRFile UP-TO-DATE
> Task :feature:search:generateDebugResValues UP-TO-DATE
> Task :feature:search:generateDebugResources UP-TO-DATE
> Task :core:model:checkKotlinGradlePluginConfigurationErrors SKIPPED
> Task :feature:settings:preDebugBuild UP-TO-DATE
> Task :media:playback:generateDebugRFile UP-TO-DATE
> Task :feature:player:preDebugBuild UP-TO-DATE
> Task :feature:search:packageDebugResources UP-TO-DATE
> Task :feature:library:packageDebugResources UP-TO-DATE
> Task :feature:search:extractDeepLinksDebug UP-TO-DATE
> Task :feature:player:writeDebugAarMetadata UP-TO-DATE
> Task :core:ui:checkKotlinGradlePluginConfigurationErrors SKIPPED
> Task :feature:player:generateDebugResValues UP-TO-DATE
> Task :feature:player:generateDebugResources UP-TO-DATE
> Task :feature:search:processDebugManifest UP-TO-DATE
> Task :feature:player:packageDebugResources UP-TO-DATE
> Task :feature:search:compileDebugLibraryResources UP-TO-DATE
> Task :feature:player:extractDeepLinksDebug UP-TO-DATE
> Task :feature:settings:writeDebugAarMetadata UP-TO-DATE
> Task :feature:home:generateDebugResources UP-TO-DATE
> Task :feature:library:extractDeepLinksDebug UP-TO-DATE
> Task :feature:player:processDebugManifest UP-TO-DATE
> Task :feature:settings:generateDebugResValues UP-TO-DATE
> Task :core:ui:compileDebugKotlin NO-SOURCE
> Task :feature:settings:generateDebugResources UP-TO-DATE
> Task :feature:library:processDebugManifest UP-TO-DATE
> Task :feature:library:compileDebugLibraryResources UP-TO-DATE
> Task :feature:home:packageDebugResources UP-TO-DATE
> Task :feature:settings:packageDebugResources UP-TO-DATE
> Task :feature:home:extractDeepLinksDebug UP-TO-DATE
> Task :feature:settings:extractDeepLinksDebug UP-TO-DATE
> Task :feature:settings:processDebugManifest UP-TO-DATE
> Task :feature:home:processDebugManifest UP-TO-DATE
> Task :feature:home:compileDebugLibraryResources UP-TO-DATE
> Task :feature:search:parseDebugLocalResources UP-TO-DATE
> Task :feature:library:parseDebugLocalResources UP-TO-DATE
> Task :feature:search:generateDebugRFile UP-TO-DATE
> Task :feature:player:compileDebugLibraryResources UP-TO-DATE
> Task :feature:library:generateDebugRFile UP-TO-DATE
> Task :data:database:checkKotlinGradlePluginConfigurationErrors SKIPPED
> Task :core:ui:javaPreCompileDebug UP-TO-DATE
> Task :feature:settings:compileDebugLibraryResources UP-TO-DATE
> Task :core:ui:compileDebugJavaWithJavac NO-SOURCE
> Task :core:ui:bundleLibCompileToJarDebug UP-TO-DATE
> Task :data:network:checkKotlinGradlePluginConfigurationErrors SKIPPED
> Task :feature:home:parseDebugLocalResources UP-TO-DATE
> Task :feature:player:parseDebugLocalResources UP-TO-DATE
> Task :feature:player:generateDebugRFile UP-TO-DATE
> Task :data:repository:checkKotlinGradlePluginConfigurationErrors SKIPPED
> Task :feature:home:generateDebugRFile UP-TO-DATE
> Task :core:ui:bundleLibRuntimeToJarDebug UP-TO-DATE
> Task :feature:home:checkKotlinGradlePluginConfigurationErrors SKIPPED
> Task :feature:settings:parseDebugLocalResources UP-TO-DATE
> Task :feature:settings:generateDebugRFile UP-TO-DATE
> Task :feature:library:checkKotlinGradlePluginConfigurationErrors SKIPPED
> Task :data:repository:javaPreCompileDebug UP-TO-DATE
> Task :feature:home:javaPreCompileDebug UP-TO-DATE
> Task :data:network:javaPreCompileDebug UP-TO-DATE
> Task :feature:search:checkKotlinGradlePluginConfigurationErrors SKIPPED
> Task :data:database:javaPreCompileDebug UP-TO-DATE
> Task :feature:library:javaPreCompileDebug UP-TO-DATE
> Task :media:playback:checkKotlinGradlePluginConfigurationErrors SKIPPED
> Task :feature:settings:checkKotlinGradlePluginConfigurationErrors SKIPPED
> Task :feature:player:checkKotlinGradlePluginConfigurationErrors SKIPPED
> Task :core:ui:mergeDebugShaders UP-TO-DATE
> Task :feature:search:javaPreCompileDebug UP-TO-DATE
> Task :core:ui:compileDebugShaders NO-SOURCE
> Task :core:ui:generateDebugAssets UP-TO-DATE
> Task :data:database:mergeDebugShaders UP-TO-DATE
> Task :core:ui:packageDebugAssets UP-TO-DATE
> Task :data:database:compileDebugShaders NO-SOURCE
> Task :feature:settings:javaPreCompileDebug UP-TO-DATE
> Task :data:network:mergeDebugShaders UP-TO-DATE
> Task :data:database:generateDebugAssets UP-TO-DATE
> Task :data:network:compileDebugShaders NO-SOURCE
> Task :data:database:packageDebugAssets UP-TO-DATE
> Task :data:repository:mergeDebugShaders UP-TO-DATE
> Task :data:network:generateDebugAssets UP-TO-DATE
> Task :data:repository:compileDebugShaders NO-SOURCE
> Task :data:network:packageDebugAssets UP-TO-DATE
> Task :data:repository:generateDebugAssets UP-TO-DATE
> Task :feature:home:mergeDebugShaders UP-TO-DATE
> Task :feature:library:mergeDebugShaders UP-TO-DATE
> Task :media:playback:javaPreCompileDebug UP-TO-DATE
> Task :feature:player:javaPreCompileDebug UP-TO-DATE
> Task :feature:home:compileDebugShaders NO-SOURCE
> Task :data:repository:packageDebugAssets UP-TO-DATE
> Task :feature:home:generateDebugAssets UP-TO-DATE
> Task :feature:library:compileDebugShaders NO-SOURCE
> Task :feature:library:generateDebugAssets UP-TO-DATE
> Task :feature:settings:mergeDebugShaders UP-TO-DATE
> Task :feature:player:mergeDebugShaders UP-TO-DATE
> Task :feature:library:packageDebugAssets UP-TO-DATE
> Task :feature:search:mergeDebugShaders UP-TO-DATE
> Task :feature:player:compileDebugShaders NO-SOURCE
> Task :feature:player:generateDebugAssets UP-TO-DATE
> Task :media:playback:mergeDebugShaders UP-TO-DATE
> Task :feature:settings:compileDebugShaders NO-SOURCE
> Task :feature:settings:generateDebugAssets UP-TO-DATE
> Task :feature:player:packageDebugAssets UP-TO-DATE
> Task :feature:home:packageDebugAssets UP-TO-DATE
> Task :feature:search:compileDebugShaders NO-SOURCE
> Task :media:playback:compileDebugShaders NO-SOURCE
> Task :feature:search:generateDebugAssets UP-TO-DATE
> Task :media:playback:generateDebugAssets UP-TO-DATE
> Task :feature:settings:packageDebugAssets UP-TO-DATE
> Task :media:playback:packageDebugAssets UP-TO-DATE
> Task :data:database:mergeDebugJniLibFolders UP-TO-DATE
> Task :data:database:mergeDebugNativeLibs NO-SOURCE
> Task :feature:search:packageDebugAssets UP-TO-DATE
> Task :data:network:mergeDebugJniLibFolders UP-TO-DATE
> Task :data:database:copyDebugJniLibsProjectOnly UP-TO-DATE
> Task :data:repository:mergeDebugJniLibFolders UP-TO-DATE
> Task :feature:home:mergeDebugJniLibFolders UP-TO-DATE
> Task :feature:library:mergeDebugJniLibFolders UP-TO-DATE
> Task :data:network:mergeDebugNativeLibs NO-SOURCE
> Task :data:repository:mergeDebugNativeLibs NO-SOURCE
> Task :data:network:copyDebugJniLibsProjectOnly UP-TO-DATE
> Task :feature:library:mergeDebugNativeLibs NO-SOURCE
> Task :data:repository:copyDebugJniLibsProjectOnly UP-TO-DATE
> Task :core:ui:processDebugJavaRes NO-SOURCE
> Task :feature:home:mergeDebugNativeLibs NO-SOURCE
> Task :core:ui:bundleLibRuntimeToDirDebug UP-TO-DATE
> Task :feature:library:copyDebugJniLibsProjectOnly UP-TO-DATE
> Task :feature:player:mergeDebugJniLibFolders UP-TO-DATE
> Task :core:ui:mergeDebugJniLibFolders UP-TO-DATE
> Task :feature:home:copyDebugJniLibsProjectOnly UP-TO-DATE
> Task :core:ui:mergeDebugNativeLibs NO-SOURCE
> Task :feature:player:mergeDebugNativeLibs NO-SOURCE
> Task :feature:player:copyDebugJniLibsProjectOnly UP-TO-DATE
> Task :core:ui:copyDebugJniLibsProjectOnly UP-TO-DATE
> Task :feature:settings:mergeDebugJniLibFolders UP-TO-DATE
> Task :feature:settings:mergeDebugNativeLibs NO-SOURCE
> Task :feature:settings:copyDebugJniLibsProjectOnly UP-TO-DATE
> Task :feature:search:mergeDebugJniLibFolders UP-TO-DATE
> Task :media:playback:mergeDebugJniLibFolders UP-TO-DATE
> Task :media:playback:mergeDebugNativeLibs NO-SOURCE
> Task :media:playback:copyDebugJniLibsProjectOnly UP-TO-DATE
> Task :feature:search:mergeDebugNativeLibs NO-SOURCE
> Task :feature:search:copyDebugJniLibsProjectOnly UP-TO-DATE
> Task :core:model:compileDebugKotlin UP-TO-DATE
> Task :core:model:javaPreCompileDebug UP-TO-DATE
> Task :core:model:compileDebugJavaWithJavac NO-SOURCE
> Task :core:model:bundleLibCompileToJarDebug UP-TO-DATE
> Task :core:model:bundleLibRuntimeToJarDebug UP-TO-DATE
> Task :core:model:mergeDebugShaders UP-TO-DATE
> Task :core:model:compileDebugShaders NO-SOURCE
> Task :core:model:generateDebugAssets UP-TO-DATE
> Task :core:model:packageDebugAssets UP-TO-DATE
> Task :core:model:processDebugJavaRes UP-TO-DATE
> Task :core:model:bundleLibRuntimeToDirDebug UP-TO-DATE
> Task :core:model:mergeDebugJniLibFolders UP-TO-DATE
> Task :core:model:mergeDebugNativeLibs NO-SOURCE
> Task :core:model:copyDebugJniLibsProjectOnly UP-TO-DATE
> Task :core:common:kspDebugKotlin UP-TO-DATE
> Task :core:common:compileDebugKotlin UP-TO-DATE
> Task :core:common:javaPreCompileDebug UP-TO-DATE
> Task :app:checkFullDebugAarMetadata UP-TO-DATE
> Task :core:common:compileDebugJavaWithJavac UP-TO-DATE
> Task :app:mapFullDebugSourceSetPaths UP-TO-DATE
> Task :app:mergeFullDebugResources UP-TO-DATE
> Task :core:common:transformDebugClassesWithAsm UP-TO-DATE
> Task :core:common:bundleLibCompileToJarDebug UP-TO-DATE
> Task :core:common:bundleLibRuntimeToJarDebug UP-TO-DATE
> Task :app:processFullDebugMainManifest UP-TO-DATE
> Task :app:processFullDebugManifest UP-TO-DATE
> Task :app:processFullDebugManifestForPackage UP-TO-DATE
> Task :core:common:mergeDebugShaders UP-TO-DATE
> Task :core:common:compileDebugShaders NO-SOURCE
> Task :core:common:generateDebugAssets UP-TO-DATE
> Task :core:common:packageDebugAssets UP-TO-DATE
> Task :core:common:processDebugJavaRes UP-TO-DATE
> Task :data:database:kspDebugKotlin UP-TO-DATE
> Task :core:common:bundleLibRuntimeToDirDebug UP-TO-DATE
> Task :core:common:mergeDebugJniLibFolders UP-TO-DATE
> Task :core:common:mergeDebugNativeLibs NO-SOURCE
> Task :core:common:copyDebugJniLibsProjectOnly UP-TO-DATE
> Task :data:database:compileDebugKotlin UP-TO-DATE
> Task :data:database:compileDebugJavaWithJavac UP-TO-DATE
> Task :app:processFullDebugResources UP-TO-DATE
> Task :data:database:transformDebugClassesWithAsm UP-TO-DATE
> Task :data:database:bundleLibCompileToJarDebug UP-TO-DATE
> Task :app:javaPreCompileFullDebug UP-TO-DATE
> Task :app:mergeFullDebugShaders UP-TO-DATE
> Task :app:compileFullDebugShaders NO-SOURCE
> Task :data:database:bundleLibRuntimeToJarDebug UP-TO-DATE
> Task :app:generateFullDebugAssets UP-TO-DATE
> Task :data:database:processDebugJavaRes UP-TO-DATE
> Task :data:database:bundleLibRuntimeToDirDebug UP-TO-DATE
> Task :app:mergeFullDebugAssets UP-TO-DATE
> Task :app:compressFullDebugAssets UP-TO-DATE
> Task :data:network:kspDebugKotlin UP-TO-DATE
> Task :data:network:compileDebugKotlin UP-TO-DATE
> Task :app:checkFullDebugDuplicateClasses UP-TO-DATE
> Task :data:network:compileDebugJavaWithJavac UP-TO-DATE
> Task :app:desugarFullDebugFileDependencies UP-TO-DATE
> Task :media:playback:kspDebugKotlin UP-TO-DATE
> Task :data:network:transformDebugClassesWithAsm UP-TO-DATE
> Task :data:network:bundleLibCompileToJarDebug UP-TO-DATE
> Task :data:network:bundleLibRuntimeToJarDebug UP-TO-DATE
> Task :data:network:processDebugJavaRes UP-TO-DATE
> Task :data:network:bundleLibRuntimeToDirDebug UP-TO-DATE
> Task :media:playback:compileDebugKotlin UP-TO-DATE
> Task :app:mergeExtDexFullDebug UP-TO-DATE
> Task :app:mergeFullDebugJniLibFolders UP-TO-DATE
> Task :media:playback:compileDebugJavaWithJavac UP-TO-DATE
> Task :media:playback:transformDebugClassesWithAsm UP-TO-DATE
> Task :media:playback:bundleLibCompileToJarDebug UP-TO-DATE
> Task :media:playback:bundleLibRuntimeToJarDebug UP-TO-DATE
> Task :media:playback:processDebugJavaRes UP-TO-DATE
> Task :media:playback:bundleLibRuntimeToDirDebug UP-TO-DATE
> Task :app:mergeFullDebugNativeLibs UP-TO-DATE
> Task :app:stripFullDebugDebugSymbols UP-TO-DATE
> Task :app:validateSigningFullDebug UP-TO-DATE
> Task :app:writeFullDebugAppMetadata UP-TO-DATE
> Task :app:writeFullDebugSigningConfigVersions UP-TO-DATE
> Task :data:repository:kspDebugKotlin UP-TO-DATE
> Task :data:repository:compileDebugKotlin UP-TO-DATE
> Task :data:repository:compileDebugJavaWithJavac UP-TO-DATE
> Task :data:repository:transformDebugClassesWithAsm UP-TO-DATE
> Task :data:repository:bundleLibCompileToJarDebug UP-TO-DATE
> Task :data:repository:bundleLibRuntimeToJarDebug UP-TO-DATE
> Task :data:repository:processDebugJavaRes UP-TO-DATE
> Task :data:repository:bundleLibRuntimeToDirDebug UP-TO-DATE
> Task :feature:player:kspDebugKotlin UP-TO-DATE
> Task :feature:search:kspDebugKotlin UP-TO-DATE
> Task :feature:player:compileDebugKotlin UP-TO-DATE
> Task :feature:settings:kspDebugKotlin UP-TO-DATE
> Task :feature:player:compileDebugJavaWithJavac NO-SOURCE
> Task :feature:search:compileDebugKotlin UP-TO-DATE
> Task :feature:search:compileDebugJavaWithJavac NO-SOURCE
> Task :feature:player:transformDebugClassesWithAsm UP-TO-DATE
> Task :feature:player:bundleLibCompileToJarDebug UP-TO-DATE
> Task :feature:search:transformDebugClassesWithAsm UP-TO-DATE
> Task :feature:player:bundleLibRuntimeToJarDebug UP-TO-DATE
> Task :feature:search:bundleLibCompileToJarDebug UP-TO-DATE
> Task :feature:search:bundleLibRuntimeToJarDebug UP-TO-DATE
> Task :feature:library:kspDebugKotlin UP-TO-DATE
> Task :feature:player:processDebugJavaRes UP-TO-DATE
> Task :feature:search:processDebugJavaRes UP-TO-DATE
> Task :feature:player:bundleLibRuntimeToDirDebug UP-TO-DATE
> Task :feature:search:bundleLibRuntimeToDirDebug UP-TO-DATE
> Task :feature:library:compileDebugKotlin UP-TO-DATE
> Task :feature:library:compileDebugJavaWithJavac NO-SOURCE
> Task :feature:home:kspDebugKotlin UP-TO-DATE
> Task :feature:settings:compileDebugKotlin UP-TO-DATE
> Task :feature:settings:compileDebugJavaWithJavac NO-SOURCE
> Task :feature:library:transformDebugClassesWithAsm UP-TO-DATE
> Task :feature:library:bundleLibCompileToJarDebug UP-TO-DATE
> Task :feature:library:bundleLibRuntimeToJarDebug UP-TO-DATE
> Task :feature:library:processDebugJavaRes UP-TO-DATE
> Task :feature:library:bundleLibRuntimeToDirDebug UP-TO-DATE
> Task :feature:settings:transformDebugClassesWithAsm UP-TO-DATE
> Task :feature:settings:bundleLibCompileToJarDebug UP-TO-DATE
> Task :feature:settings:bundleLibRuntimeToJarDebug UP-TO-DATE
> Task :feature:home:compileDebugKotlin UP-TO-DATE
> Task :feature:settings:processDebugJavaRes UP-TO-DATE
> Task :feature:home:compileDebugJavaWithJavac NO-SOURCE
> Task :feature:settings:bundleLibRuntimeToDirDebug UP-TO-DATE
> Task :feature:home:transformDebugClassesWithAsm UP-TO-DATE
> Task :feature:home:bundleLibCompileToJarDebug UP-TO-DATE
> Task :feature:home:bundleLibRuntimeToJarDebug UP-TO-DATE
> Task :feature:home:processDebugJavaRes UP-TO-DATE
> Task :feature:home:bundleLibRuntimeToDirDebug UP-TO-DATE
> Task :app:kspFullDebugKotlin UP-TO-DATE
> Task :app:compileFullDebugKotlin UP-TO-DATE
> Task :app:compileFullDebugJavaWithJavac
> Task :app:hiltAggregateDepsFullDebug UP-TO-DATE
> Task :app:hiltJavaCompileFullDebug
> Task :app:processFullDebugJavaRes
> Task :app:mergeLibDexFullDebug UP-TO-DATE
> Task :app:transformFullDebugClassesWithAsm
> Task :app:mergeFullDebugJavaResource
> Task :app:dexBuilderFullDebug
> Task :app:mergeFullDebugGlobalSynthetics UP-TO-DATE
> Task :app:mergeProjectDexFullDebug
> Task :app:packageFullDebug
> Task :app:createFullDebugApkListingFileRedirect UP-TO-DATE
> Task :app:assembleFullDebug

BUILD SUCCESSFUL in 20s
279 actionable tasks: 8 executed, 271 up-to-date
