Configuration on demand is an incubating feature.
> Task :core:common:preBuild UP-TO-DATE
> Task :feature:home:preBuild UP-TO-DATE
> Task :data:network:preBuild UP-TO-DATE
> Task :core:common:preDebugBuild UP-TO-DATE
> Task :data:network:preDebugBuild UP-TO-DATE
> Task :feature:home:preDebugBuild UP-TO-DATE
> Task :data:repository:preBuild UP-TO-DATE
> Task :data:database:preBuild UP-TO-DATE
> Task :core:ui:preBuild UP-TO-DATE
> Task :data:repository:preDebugBuild UP-TO-DATE
> Task :core:model:preBuild UP-TO-DATE
> Task :core:model:preDebugBuild UP-TO-DATE
> Task :data:database:preDebugBuild UP-TO-DATE
> Task :core:model:writeDebugAarMetadata UP-TO-DATE
> Task :app:checkKotlinGradlePluginConfigurationErrors SKIPPED
> Task :data:repository:writeDebugAarMetadata UP-TO-DATE
> Task :app:preBuild UP-TO-DATE
> Task :app:preFullDebugBuild UP-TO-DATE
> Task :data:database:writeDebugAarMetadata UP-TO-DATE
> Task :core:ui:preDebugBuild UP-TO-DATE
> Task :feature:home:writeDebugAarMetadata UP-TO-DATE
> Task :data:network:writeDebugAarMetadata UP-TO-DATE
> Task :core:ui:writeDebugAarMetadata UP-TO-DATE
> Task :core:common:writeDebugAarMetadata UP-TO-DATE
> Task :app:generateFullDebugBuildConfig UP-TO-DATE
> Task :feature:library:preBuild UP-TO-DATE
> Task :feature:search:preBuild UP-TO-DATE
> Task :feature:search:preDebugBuild UP-TO-DATE
> Task :feature:settings:preBuild UP-TO-DATE
> Task :feature:settings:preDebugBuild UP-TO-DATE
> Task :feature:settings:writeDebugAarMetadata UP-TO-DATE
> Task :feature:player:preBuild UP-TO-DATE
> Task :core:common:generateDebugResValues UP-TO-DATE
> Task :feature:player:preDebugBuild UP-TO-DATE
> Task :core:common:generateDebugResources UP-TO-DATE
> Task :feature:library:preDebugBuild UP-TO-DATE
> Task :media:playback:preBuild UP-TO-DATE
> Task :feature:search:writeDebugAarMetadata UP-TO-DATE
> Task :app:generateFullDebugResValues UP-TO-DATE
> Task :media:playback:preDebugBuild UP-TO-DATE
> Task :feature:library:writeDebugAarMetadata UP-TO-DATE
> Task :media:playback:writeDebugAarMetadata UP-TO-DATE
> Task :core:model:generateDebugResValues UP-TO-DATE
> Task :core:model:generateDebugResources UP-TO-DATE
> Task :data:network:generateDebugResValues UP-TO-DATE
> Task :core:ui:generateDebugResValues UP-TO-DATE
> Task :core:ui:generateDebugResources UP-TO-DATE
> Task :data:repository:generateDebugResValues UP-TO-DATE
> Task :data:repository:generateDebugResources UP-TO-DATE
> Task :feature:home:generateDebugResValues UP-TO-DATE
> Task :feature:home:generateDebugResources UP-TO-DATE
> Task :feature:player:writeDebugAarMetadata UP-TO-DATE
> Task :data:database:generateDebugResValues UP-TO-DATE
> Task :data:network:generateDebugResources UP-TO-DATE
> Task :core:common:packageDebugResources UP-TO-DATE
> Task :data:database:generateDebugResources UP-TO-DATE
> Task :feature:library:generateDebugResValues UP-TO-DATE
> Task :feature:library:generateDebugResources UP-TO-DATE
> Task :data:repository:packageDebugResources UP-TO-DATE
> Task :feature:home:packageDebugResources UP-TO-DATE
> Task :core:model:packageDebugResources UP-TO-DATE
> Task :feature:search:generateDebugResValues UP-TO-DATE
> Task :data:database:packageDebugResources UP-TO-DATE
> Task :feature:search:generateDebugResources UP-TO-DATE
> Task :core:ui:packageDebugResources UP-TO-DATE
> Task :data:network:packageDebugResources UP-TO-DATE
> Task :feature:player:generateDebugResValues UP-TO-DATE
> Task :core:common:extractDeepLinksDebug UP-TO-DATE
> Task :feature:player:generateDebugResources UP-TO-DATE
> Task :feature:library:packageDebugResources UP-TO-DATE
> Task :media:playback:generateDebugResValues UP-TO-DATE
> Task :media:playback:generateDebugResources UP-TO-DATE
> Task :feature:search:packageDebugResources UP-TO-DATE
> Task :data:database:extractDeepLinksDebug UP-TO-DATE
> Task :feature:settings:generateDebugResValues UP-TO-DATE
> Task :media:playback:packageDebugResources UP-TO-DATE
> Task :core:model:extractDeepLinksDebug UP-TO-DATE
> Task :feature:settings:generateDebugResources UP-TO-DATE
> Task :data:database:processDebugManifest UP-TO-DATE
> Task :feature:player:packageDebugResources UP-TO-DATE
> Task :data:repository:extractDeepLinksDebug UP-TO-DATE
> Task :data:repository:processDebugManifest UP-TO-DATE
> Task :feature:home:extractDeepLinksDebug UP-TO-DATE
> Task :core:ui:extractDeepLinksDebug UP-TO-DATE
> Task :core:model:processDebugManifest UP-TO-DATE
> Task :data:network:extractDeepLinksDebug UP-TO-DATE
> Task :feature:home:processDebugManifest UP-TO-DATE
> Task :core:ui:processDebugManifest UP-TO-DATE
> Task :core:common:processDebugManifest UP-TO-DATE
> Task :feature:library:extractDeepLinksDebug UP-TO-DATE
> Task :feature:search:extractDeepLinksDebug UP-TO-DATE
> Task :feature:player:extractDeepLinksDebug UP-TO-DATE
> Task :feature:library:processDebugManifest UP-TO-DATE
> Task :feature:search:processDebugManifest UP-TO-DATE
> Task :data:network:processDebugManifest UP-TO-DATE
> Task :core:model:compileDebugLibraryResources UP-TO-DATE
> Task :core:ui:compileDebugLibraryResources UP-TO-DATE
> Task :feature:settings:packageDebugResources UP-TO-DATE
> Task :feature:player:processDebugManifest UP-TO-DATE
> Task :core:common:compileDebugLibraryResources UP-TO-DATE
> Task :data:database:compileDebugLibraryResources UP-TO-DATE
> Task :media:playback:extractDeepLinksDebug UP-TO-DATE
> Task :data:network:compileDebugLibraryResources UP-TO-DATE
> Task :media:playback:processDebugManifest UP-TO-DATE
> Task :feature:settings:extractDeepLinksDebug UP-TO-DATE
> Task :data:repository:compileDebugLibraryResources UP-TO-DATE
> Task :feature:settings:processDebugManifest UP-TO-DATE
> Task :feature:home:compileDebugLibraryResources UP-TO-DATE
> Task :core:model:parseDebugLocalResources UP-TO-DATE
> Task :data:database:parseDebugLocalResources UP-TO-DATE
> Task :core:model:generateDebugRFile UP-TO-DATE
> Task :data:database:generateDebugRFile UP-TO-DATE
> Task :feature:library:compileDebugLibraryResources UP-TO-DATE
> Task :data:network:parseDebugLocalResources UP-TO-DATE
> Task :feature:player:compileDebugLibraryResources UP-TO-DATE
> Task :data:network:generateDebugRFile UP-TO-DATE
> Task :feature:search:compileDebugLibraryResources UP-TO-DATE
> Task :feature:home:parseDebugLocalResources UP-TO-DATE
> Task :feature:player:parseDebugLocalResources UP-TO-DATE
> Task :feature:home:generateDebugRFile UP-TO-DATE
> Task :feature:settings:compileDebugLibraryResources UP-TO-DATE
> Task :feature:player:generateDebugRFile UP-TO-DATE
> Task :feature:library:parseDebugLocalResources UP-TO-DATE
> Task :feature:search:parseDebugLocalResources UP-TO-DATE
> Task :media:playback:compileDebugLibraryResources UP-TO-DATE
> Task :data:repository:parseDebugLocalResources UP-TO-DATE
> Task :feature:search:generateDebugRFile UP-TO-DATE
> Task :feature:library:generateDebugRFile UP-TO-DATE
> Task :data:repository:generateDebugRFile UP-TO-DATE
> Task :core:model:checkKotlinGradlePluginConfigurationErrors SKIPPED
> Task :data:database:checkKotlinGradlePluginConfigurationErrors SKIPPED
> Task :core:ui:parseDebugLocalResources UP-TO-DATE
> Task :data:network:checkKotlinGradlePluginConfigurationErrors SKIPPED
> Task :core:common:parseDebugLocalResources UP-TO-DATE
> Task :media:playback:parseDebugLocalResources UP-TO-DATE
> Task :core:common:generateDebugRFile UP-TO-DATE
> Task :core:common:checkKotlinGradlePluginConfigurationErrors SKIPPED
> Task :media:playback:generateDebugRFile UP-TO-DATE
> Task :feature:settings:parseDebugLocalResources UP-TO-DATE
> Task :data:repository:checkKotlinGradlePluginConfigurationErrors SKIPPED
> Task :feature:settings:generateDebugRFile UP-TO-DATE
> Task :feature:home:checkKotlinGradlePluginConfigurationErrors SKIPPED
> Task :core:ui:generateDebugRFile UP-TO-DATE
> Task :core:ui:checkKotlinGradlePluginConfigurationErrors SKIPPED
> Task :core:ui:compileDebugKotlin NO-SOURCE
> Task :core:ui:javaPreCompileDebug UP-TO-DATE
> Task :core:ui:compileDebugJavaWithJavac NO-SOURCE
> Task :core:ui:bundleLibCompileToJarDebug UP-TO-DATE
> Task :core:ui:bundleLibRuntimeToJarDebug UP-TO-DATE
> Task :feature:library:checkKotlinGradlePluginConfigurationErrors SKIPPED
> Task :feature:home:javaPreCompileDebug UP-TO-DATE
> Task :feature:player:checkKotlinGradlePluginConfigurationErrors SKIPPED
> Task :feature:player:javaPreCompileDebug UP-TO-DATE
> Task :feature:search:checkKotlinGradlePluginConfigurationErrors SKIPPED
> Task :feature:library:javaPreCompileDebug UP-TO-DATE
> Task :feature:search:javaPreCompileDebug UP-TO-DATE
> Task :feature:settings:checkKotlinGradlePluginConfigurationErrors SKIPPED
> Task :data:database:javaPreCompileDebug UP-TO-DATE
> Task :data:network:javaPreCompileDebug UP-TO-DATE
> Task :media:playback:checkKotlinGradlePluginConfigurationErrors SKIPPED
> Task :data:repository:javaPreCompileDebug UP-TO-DATE
> Task :feature:settings:javaPreCompileDebug UP-TO-DATE
> Task :media:playback:javaPreCompileDebug UP-TO-DATE
> Task :core:model:compileDebugKotlin UP-TO-DATE
> Task :core:model:javaPreCompileDebug UP-TO-DATE
> Task :core:model:compileDebugJavaWithJavac NO-SOURCE
> Task :core:model:bundleLibCompileToJarDebug UP-TO-DATE
> Task :core:model:bundleLibRuntimeToJarDebug UP-TO-DATE
> Task :core:common:kspDebugKotlin UP-TO-DATE
> Task :app:checkFullDebugAarMetadata UP-TO-DATE
> Task :app:mapFullDebugSourceSetPaths UP-TO-DATE
> Task :app:generateFullDebugResources UP-TO-DATE
> Task :app:mergeFullDebugResources UP-TO-DATE
> Task :app:packageFullDebugResources UP-TO-DATE
> Task :app:parseFullDebugLocalResources UP-TO-DATE
> Task :app:createFullDebugCompatibleScreenManifests UP-TO-DATE
> Task :app:extractDeepLinksFullDebug UP-TO-DATE
> Task :app:processFullDebugMainManifest UP-TO-DATE
> Task :app:processFullDebugManifest UP-TO-DATE
> Task :app:processFullDebugManifestForPackage UP-TO-DATE
> Task :data:database:kspDebugKotlin UP-TO-DATE
> Task :app:processFullDebugResources UP-TO-DATE
> Task :data:database:compileDebugKotlin UP-TO-DATE
> Task :core:common:compileDebugKotlin UP-TO-DATE
> Task :core:common:javaPreCompileDebug UP-TO-DATE
> Task :core:common:compileDebugJavaWithJavac UP-TO-DATE
> Task :core:common:transformDebugClassesWithAsm UP-TO-DATE
> Task :core:common:bundleLibCompileToJarDebug UP-TO-DATE
> Task :core:common:bundleLibRuntimeToJarDebug UP-TO-DATE
> Task :data:network:kspDebugKotlin UP-TO-DATE
> Task :data:database:compileDebugJavaWithJavac UP-TO-DATE
> Task :data:database:transformDebugClassesWithAsm UP-TO-DATE
> Task :data:database:bundleLibCompileToJarDebug UP-TO-DATE
> Task :data:database:bundleLibRuntimeToJarDebug UP-TO-DATE
> Task :data:network:compileDebugKotlin UP-TO-DATE
> Task :media:playback:kspDebugKotlin UP-TO-DATE
> Task :data:network:compileDebugJavaWithJavac UP-TO-DATE
> Task :data:network:transformDebugClassesWithAsm UP-TO-DATE
> Task :data:network:bundleLibCompileToJarDebug UP-TO-DATE
> Task :data:network:bundleLibRuntimeToJarDebug UP-TO-DATE
> Task :media:playback:compileDebugKotlin UP-TO-DATE
> Task :media:playback:compileDebugJavaWithJavac UP-TO-DATE
> Task :media:playback:transformDebugClassesWithAsm UP-TO-DATE
> Task :media:playback:bundleLibCompileToJarDebug UP-TO-DATE
> Task :data:repository:kspDebugKotlin UP-TO-DATE
> Task :data:repository:compileDebugKotlin UP-TO-DATE
> Task :data:repository:compileDebugJavaWithJavac UP-TO-DATE
> Task :data:repository:transformDebugClassesWithAsm UP-TO-DATE
> Task :data:repository:bundleLibCompileToJarDebug UP-TO-DATE
> Task :data:repository:bundleLibRuntimeToJarDebug UP-TO-DATE
> Task :feature:settings:kspDebugKotlin UP-TO-DATE
> Task :feature:home:kspDebugKotlin UP-TO-DATE
> Task :feature:home:compileDebugKotlin UP-TO-DATE
> Task :feature:settings:compileDebugKotlin UP-TO-DATE
> Task :feature:library:kspDebugKotlin UP-TO-DATE
> Task :feature:settings:compileDebugJavaWithJavac NO-SOURCE
> Task :feature:home:compileDebugJavaWithJavac NO-SOURCE
> Task :feature:search:kspDebugKotlin UP-TO-DATE
> Task :feature:home:transformDebugClassesWithAsm UP-TO-DATE
> Task :feature:home:bundleLibCompileToJarDebug UP-TO-DATE
> Task :feature:settings:transformDebugClassesWithAsm UP-TO-DATE
> Task :feature:settings:bundleLibCompileToJarDebug UP-TO-DATE
> Task :feature:library:compileDebugKotlin UP-TO-DATE
> Task :feature:library:compileDebugJavaWithJavac NO-SOURCE
> Task :feature:player:kspDebugKotlin UP-TO-DATE
> Task :feature:library:transformDebugClassesWithAsm UP-TO-DATE
> Task :feature:library:bundleLibCompileToJarDebug UP-TO-DATE
> Task :feature:search:compileDebugKotlin UP-TO-DATE
> Task :feature:player:compileDebugKotlin UP-TO-DATE
> Task :feature:search:compileDebugJavaWithJavac NO-SOURCE
> Task :feature:player:compileDebugJavaWithJavac NO-SOURCE
> Task :feature:search:transformDebugClassesWithAsm UP-TO-DATE
> Task :feature:search:bundleLibCompileToJarDebug UP-TO-DATE
> Task :feature:player:transformDebugClassesWithAsm UP-TO-DATE
> Task :feature:player:bundleLibCompileToJarDebug UP-TO-DATE
> Task :app:kspFullDebugKotlin UP-TO-DATE

> Task :app:compileFullDebugKotlin FAILED
e: file:///C:/Users/rohit/Music/REON%20LIBRA%20app%20using%20flutter%20first%20edition/project%20app%201/REONm/app/src/main/java/com/reon/music/ui/ReonApp.kt:122:25 Overload resolution ambiguity between candidates:
@OptIn(...) @Composable() fun HomeScreen(homeViewModel: HomeViewModel = ..., playerViewModel: PlayerViewModel = ..., onSongClick: (Song) -> Unit = ..., onAlbumClick: (Album) -> Unit = ..., onArtistClick: (Artist) -> Unit = ..., onPlaylistClick: (Playlist) -> Unit = ..., onChartClick: (String, String) -> Unit = ..., onSeeAllClick: (String) -> Unit = ..., onSettingsClick: () -> Unit = ...): Unit
@OptIn(...) @Composable() fun HomeScreen(homeViewModel: HomeViewModel = ..., playerViewModel: PlayerViewModel = ..., onSongClick: (Song) -> Unit = ..., onAlbumClick: (Album) -> Unit = ..., onArtistClick: (Artist) -> Unit = ..., onPlaylistClick: (Playlist) -> Unit = ..., onChartClick: (String, String) -> Unit = ..., onSeeAllClick: (String) -> Unit = ..., onSettingsClick: () -> Unit = ...): Unit
e: file:///C:/Users/rohit/Music/REON%20LIBRA%20app%20using%20flutter%20first%20edition/project%20app%201/REONm/app/src/main/java/com/reon/music/ui/ReonApp.kt:127:47 Cannot infer type for this parameter. Please specify it explicitly.
e: file:///C:/Users/rohit/Music/REON%20LIBRA%20app%20using%20flutter%20first%20edition/project%20app%201/REONm/app/src/main/java/com/reon/music/ui/ReonApp.kt:129:85 Unresolved reference 'id'.
e: file:///C:/Users/rohit/Music/REON%20LIBRA%20app%20using%20flutter%20first%20edition/project%20app%201/REONm/app/src/main/java/com/reon/music/ui/ReonApp.kt:129:96 Unresolved reference 'name'.
e: file:///C:/Users/rohit/Music/REON%20LIBRA%20app%20using%20flutter%20first%20edition/project%20app%201/REONm/app/src/main/java/com/reon/music/ui/ReonApp.kt:132:46 Cannot infer type for this parameter. Please specify it explicitly.
e: file:///C:/Users/rohit/Music/REON%20LIBRA%20app%20using%20flutter%20first%20edition/project%20app%201/REONm/app/src/main/java/com/reon/music/ui/ReonApp.kt:132:58 Cannot infer type for this parameter. Please specify it explicitly.
e: file:///C:/Users/rohit/Music/REON%20LIBRA%20app%20using%20flutter%20first%20edition/project%20app%201/REONm/app/src/main/java/com/reon/music/ui/ReonApp.kt:137:49 Cannot infer type for this parameter. Please specify it explicitly.
e: file:///C:/Users/rohit/Music/REON%20LIBRA%20app%20using%20flutter%20first%20edition/project%20app%201/REONm/app/src/main/java/com/reon/music/ui/ReonApp.kt:139:89 Unresolved reference 'id'.
e: file:///C:/Users/rohit/Music/REON%20LIBRA%20app%20using%20flutter%20first%20edition/project%20app%201/REONm/app/src/main/java/com/reon/music/ui/ReonApp.kt:139:102 Unresolved reference 'name'.
e: file:///C:/Users/rohit/Music/REON%20LIBRA%20app%20using%20flutter%20first%20edition/project%20app%201/REONm/app/src/main/java/com/reon/music/ui/screens/HomeScreen.kt:63:1 Conflicting overloads:
@OptIn(...) @Composable() fun HomeScreen(homeViewModel: HomeViewModel = ..., playerViewModel: PlayerViewModel = ..., onSongClick: (Song) -> Unit = ..., onAlbumClick: (Album) -> Unit = ..., onArtistClick: (Artist) -> Unit = ..., onPlaylistClick: (Playlist) -> Unit = ..., onChartClick: (String, String) -> Unit = ..., onSeeAllClick: (String) -> Unit = ..., onSettingsClick: () -> Unit = ...): Unit
e: file:///C:/Users/rohit/Music/REON%20LIBRA%20app%20using%20flutter%20first%20edition/project%20app%201/REONm/app/src/main/java/com/reon/music/ui/screens/HomeScreen_temp.kt:62:1 Conflicting overloads:
@OptIn(...) @Composable() fun HomeScreen(homeViewModel: HomeViewModel = ..., playerViewModel: PlayerViewModel = ..., onSongClick: (Song) -> Unit = ..., onAlbumClick: (Album) -> Unit = ..., onArtistClick: (Artist) -> Unit = ..., onPlaylistClick: (Playlist) -> Unit = ..., onChartClick: (String, String) -> Unit = ..., onSeeAllClick: (String) -> Unit = ..., onSettingsClick: () -> Unit = ...): Unit

FAILURE: Build failed with an exception.

* What went wrong:
Execution failed for task ':app:compileFullDebugKotlin'.
> A failure occurred while executing org.jetbrains.kotlin.compilerRunner.GradleCompilerRunnerWithWorkers$GradleKotlinCompilerWorkAction
   > Compilation error. See log for more details

* Try:
> Run with --stacktrace option to get the stack trace.
> Run with --info or --debug option to get more log output.
> Run with --scan to get full insights.
> Get more help at https://help.gradle.org.

BUILD FAILED in 12s
177 actionable tasks: 1 executed, 176 up-to-date
