Configuration on demand is an incubating feature.
> Task :feature:home:preBuild UP-TO-DATE
> Task :app:preBuild UP-TO-DATE
> Task :core:common:preBuild UP-TO-DATE
> Task :data:repository:preBuild UP-TO-DATE
> Task :app:preFullDebugBuild UP-TO-DATE
> Task :data:repository:preDebugBuild UP-TO-DATE
> Task :feature:home:preDebugBuild UP-TO-DATE
> Task :core:common:preDebugBuild UP-TO-DATE
> Task :app:mergeFullDebugNativeDebugMetadata NO-SOURCE
> Task :feature:home:writeDebugAarMetadata UP-TO-DATE
> Task :core:common:writeDebugAarMetadata UP-TO-DATE
> Task :data:database:preBuild UP-TO-DATE
> Task :core:ui:preBuild UP-TO-DATE
> Task :core:ui:preDebugBuild UP-TO-DATE
> Task :data:database:preDebugBuild UP-TO-DATE
> Task :feature:library:preBuild UP-TO-DATE
> Task :feature:player:preBuild UP-TO-DATE
> Task :feature:library:preDebugBuild UP-TO-DATE
> Task :data:repository:writeDebugAarMetadata UP-TO-DATE
> Task :feature:player:preDebugBuild UP-TO-DATE
> Task :core:model:preBuild UP-TO-DATE
> Task :data:database:writeDebugAarMetadata UP-TO-DATE
> Task :core:model:preDebugBuild UP-TO-DATE
> Task :feature:library:writeDebugAarMetadata UP-TO-DATE
> Task :feature:search:preBuild UP-TO-DATE
> Task :feature:settings:preBuild UP-TO-DATE
> Task :feature:search:preDebugBuild UP-TO-DATE
> Task :core:model:writeDebugAarMetadata UP-TO-DATE
> Task :app:checkKotlinGradlePluginConfigurationErrors SKIPPED
> Task :feature:search:writeDebugAarMetadata UP-TO-DATE
> Task :core:common:generateDebugResValues UP-TO-DATE
> Task :core:common:generateDebugResources UP-TO-DATE
> Task :feature:player:writeDebugAarMetadata UP-TO-DATE
> Task :app:generateFullDebugBuildConfig UP-TO-DATE
> Task :core:model:generateDebugResValues UP-TO-DATE
> Task :core:model:generateDebugResources UP-TO-DATE
> Task :feature:settings:preDebugBuild UP-TO-DATE
> Task :core:ui:writeDebugAarMetadata UP-TO-DATE
> Task :data:database:generateDebugResValues UP-TO-DATE
> Task :data:database:generateDebugResources UP-TO-DATE
> Task :media:playback:preBuild UP-TO-DATE
> Task :core:ui:generateDebugResValues UP-TO-DATE
> Task :core:ui:generateDebugResources UP-TO-DATE
> Task :media:playback:preDebugBuild UP-TO-DATE
> Task :feature:settings:writeDebugAarMetadata UP-TO-DATE
> Task :media:playback:writeDebugAarMetadata UP-TO-DATE
> Task :data:repository:generateDebugResValues UP-TO-DATE
> Task :data:repository:generateDebugResources UP-TO-DATE
> Task :feature:home:generateDebugResValues UP-TO-DATE
> Task :core:common:packageDebugResources UP-TO-DATE
> Task :feature:home:generateDebugResources UP-TO-DATE
> Task :feature:library:generateDebugResValues UP-TO-DATE
> Task :core:model:packageDebugResources UP-TO-DATE
> Task :feature:library:generateDebugResources UP-TO-DATE
> Task :data:database:packageDebugResources UP-TO-DATE
> Task :core:ui:packageDebugResources UP-TO-DATE
> Task :data:network:preBuild UP-TO-DATE
> Task :data:network:preDebugBuild UP-TO-DATE
> Task :app:generateFullDebugResValues UP-TO-DATE
> Task :feature:player:generateDebugResValues UP-TO-DATE
> Task :feature:search:generateDebugResValues UP-TO-DATE
> Task :feature:player:generateDebugResources UP-TO-DATE
> Task :feature:search:generateDebugResources UP-TO-DATE
> Task :data:network:writeDebugAarMetadata UP-TO-DATE
> Task :feature:settings:generateDebugResValues UP-TO-DATE
> Task :data:network:generateDebugResValues UP-TO-DATE
> Task :data:network:generateDebugResources UP-TO-DATE
> Task :feature:home:packageDebugResources UP-TO-DATE
> Task :feature:settings:generateDebugResources UP-TO-DATE
> Task :feature:library:packageDebugResources UP-TO-DATE
> Task :media:playback:generateDebugResValues UP-TO-DATE
> Task :media:playback:generateDebugResources UP-TO-DATE
> Task :data:network:packageDebugResources UP-TO-DATE
> Task :feature:settings:packageDebugResources UP-TO-DATE
> Task :core:model:extractDeepLinksDebug UP-TO-DATE
> Task :feature:player:packageDebugResources UP-TO-DATE
> Task :data:repository:packageDebugResources UP-TO-DATE
> Task :core:ui:extractDeepLinksDebug UP-TO-DATE
> Task :media:playback:packageDebugResources UP-TO-DATE
> Task :data:database:extractDeepLinksDebug UP-TO-DATE
> Task :core:model:processDebugManifest UP-TO-DATE
> Task :data:network:extractDeepLinksDebug UP-TO-DATE
> Task :data:repository:extractDeepLinksDebug UP-TO-DATE
> Task :core:ui:processDebugManifest UP-TO-DATE
> Task :core:common:extractDeepLinksDebug UP-TO-DATE
> Task :feature:library:extractDeepLinksDebug UP-TO-DATE
> Task :feature:home:extractDeepLinksDebug UP-TO-DATE
> Task :data:repository:processDebugManifest UP-TO-DATE
> Task :data:database:processDebugManifest UP-TO-DATE
> Task :feature:home:processDebugManifest UP-TO-DATE
> Task :feature:player:extractDeepLinksDebug UP-TO-DATE
> Task :feature:library:processDebugManifest UP-TO-DATE
> Task :feature:search:packageDebugResources UP-TO-DATE
> Task :media:playback:extractDeepLinksDebug UP-TO-DATE
> Task :core:model:compileDebugLibraryResources UP-TO-DATE
> Task :feature:search:extractDeepLinksDebug UP-TO-DATE
> Task :core:common:processDebugManifest UP-TO-DATE
> Task :feature:settings:extractDeepLinksDebug UP-TO-DATE
> Task :core:common:compileDebugLibraryResources UP-TO-DATE
> Task :media:playback:processDebugManifest UP-TO-DATE
> Task :feature:search:processDebugManifest UP-TO-DATE
> Task :data:database:compileDebugLibraryResources UP-TO-DATE
> Task :feature:settings:processDebugManifest UP-TO-DATE
> Task :core:ui:compileDebugLibraryResources UP-TO-DATE
> Task :data:network:processDebugManifest UP-TO-DATE
> Task :data:repository:compileDebugLibraryResources UP-TO-DATE
> Task :data:network:compileDebugLibraryResources UP-TO-DATE
> Task :feature:player:processDebugManifest UP-TO-DATE
> Task :feature:home:compileDebugLibraryResources UP-TO-DATE
> Task :core:model:parseDebugLocalResources UP-TO-DATE
> Task :data:database:parseDebugLocalResources UP-TO-DATE
> Task :core:model:generateDebugRFile UP-TO-DATE
> Task :feature:library:compileDebugLibraryResources UP-TO-DATE
> Task :data:database:generateDebugRFile UP-TO-DATE
> Task :core:common:parseDebugLocalResources UP-TO-DATE
> Task :feature:player:compileDebugLibraryResources UP-TO-DATE
> Task :core:common:generateDebugRFile UP-TO-DATE
> Task :feature:search:compileDebugLibraryResources UP-TO-DATE
> Task :data:network:parseDebugLocalResources UP-TO-DATE
> Task :data:network:generateDebugRFile UP-TO-DATE
> Task :feature:settings:compileDebugLibraryResources UP-TO-DATE
> Task :feature:search:parseDebugLocalResources UP-TO-DATE
> Task :data:repository:parseDebugLocalResources UP-TO-DATE
> Task :core:ui:parseDebugLocalResources UP-TO-DATE
> Task :feature:library:parseDebugLocalResources UP-TO-DATE
> Task :feature:settings:parseDebugLocalResources UP-TO-DATE
> Task :feature:home:parseDebugLocalResources UP-TO-DATE
> Task :core:ui:generateDebugRFile UP-TO-DATE
> Task :data:repository:generateDebugRFile UP-TO-DATE
> Task :core:common:checkKotlinGradlePluginConfigurationErrors SKIPPED
> Task :feature:home:generateDebugRFile UP-TO-DATE
> Task :feature:settings:generateDebugRFile UP-TO-DATE
> Task :feature:library:generateDebugRFile UP-TO-DATE
> Task :core:model:checkKotlinGradlePluginConfigurationErrors SKIPPED
> Task :core:ui:checkKotlinGradlePluginConfigurationErrors SKIPPED
> Task :data:database:checkKotlinGradlePluginConfigurationErrors SKIPPED
> Task :media:playback:compileDebugLibraryResources UP-TO-DATE
> Task :feature:player:parseDebugLocalResources UP-TO-DATE
> Task :media:playback:parseDebugLocalResources UP-TO-DATE
> Task :media:playback:generateDebugRFile UP-TO-DATE
> Task :feature:search:generateDebugRFile UP-TO-DATE
> Task :data:network:checkKotlinGradlePluginConfigurationErrors SKIPPED
> Task :data:repository:checkKotlinGradlePluginConfigurationErrors SKIPPED
> Task :feature:player:generateDebugRFile UP-TO-DATE
> Task :feature:home:checkKotlinGradlePluginConfigurationErrors SKIPPED
> Task :core:ui:compileDebugKotlin NO-SOURCE
> Task :core:ui:javaPreCompileDebug UP-TO-DATE
> Task :core:ui:compileDebugJavaWithJavac NO-SOURCE
> Task :core:ui:bundleLibCompileToJarDebug UP-TO-DATE
> Task :core:ui:bundleLibRuntimeToJarDebug UP-TO-DATE
> Task :feature:library:checkKotlinGradlePluginConfigurationErrors SKIPPED
> Task :data:repository:javaPreCompileDebug UP-TO-DATE
> Task :feature:home:javaPreCompileDebug UP-TO-DATE
> Task :feature:library:javaPreCompileDebug UP-TO-DATE
> Task :feature:player:checkKotlinGradlePluginConfigurationErrors SKIPPED
> Task :feature:settings:checkKotlinGradlePluginConfigurationErrors SKIPPED
> Task :feature:search:checkKotlinGradlePluginConfigurationErrors SKIPPED
> Task :data:network:javaPreCompileDebug UP-TO-DATE
> Task :media:playback:checkKotlinGradlePluginConfigurationErrors SKIPPED
> Task :feature:search:javaPreCompileDebug UP-TO-DATE
> Task :feature:player:javaPreCompileDebug UP-TO-DATE
> Task :media:playback:javaPreCompileDebug UP-TO-DATE
> Task :feature:settings:javaPreCompileDebug UP-TO-DATE
> Task :core:ui:mergeDebugShaders UP-TO-DATE
> Task :data:network:mergeDebugShaders UP-TO-DATE
> Task :data:repository:mergeDebugShaders UP-TO-DATE
> Task :feature:home:mergeDebugShaders UP-TO-DATE
> Task :feature:home:compileDebugShaders NO-SOURCE
> Task :core:ui:compileDebugShaders NO-SOURCE
> Task :data:repository:compileDebugShaders NO-SOURCE
> Task :core:ui:generateDebugAssets UP-TO-DATE
> Task :data:network:compileDebugShaders NO-SOURCE
> Task :feature:home:generateDebugAssets UP-TO-DATE
> Task :data:repository:generateDebugAssets UP-TO-DATE
> Task :data:network:generateDebugAssets UP-TO-DATE
> Task :data:repository:packageDebugAssets UP-TO-DATE
> Task :data:network:packageDebugAssets UP-TO-DATE
> Task :core:ui:packageDebugAssets UP-TO-DATE
> Task :feature:home:packageDebugAssets UP-TO-DATE
> Task :feature:library:mergeDebugShaders UP-TO-DATE
> Task :feature:player:mergeDebugShaders UP-TO-DATE
> Task :feature:search:mergeDebugShaders UP-TO-DATE
> Task :feature:settings:mergeDebugShaders UP-TO-DATE
> Task :feature:search:compileDebugShaders NO-SOURCE
> Task :feature:search:generateDebugAssets UP-TO-DATE
> Task :feature:library:compileDebugShaders NO-SOURCE
> Task :feature:player:compileDebugShaders NO-SOURCE
> Task :feature:settings:compileDebugShaders NO-SOURCE
> Task :feature:player:generateDebugAssets UP-TO-DATE
> Task :feature:settings:generateDebugAssets UP-TO-DATE
> Task :feature:library:generateDebugAssets UP-TO-DATE
> Task :feature:settings:packageDebugAssets UP-TO-DATE
> Task :feature:player:packageDebugAssets UP-TO-DATE
> Task :feature:search:packageDebugAssets UP-TO-DATE
> Task :feature:library:packageDebugAssets UP-TO-DATE
> Task :media:playback:mergeDebugShaders UP-TO-DATE
> Task :data:network:mergeDebugJniLibFolders UP-TO-DATE
> Task :media:playback:compileDebugShaders NO-SOURCE
> Task :media:playback:generateDebugAssets UP-TO-DATE
> Task :data:network:mergeDebugNativeLibs NO-SOURCE
> Task :core:ui:processDebugJavaRes NO-SOURCE
> Task :data:repository:mergeDebugJniLibFolders UP-TO-DATE
> Task :media:playback:packageDebugAssets UP-TO-DATE
> Task :core:ui:bundleLibRuntimeToDirDebug UP-TO-DATE
> Task :data:network:copyDebugJniLibsProjectOnly UP-TO-DATE
> Task :core:ui:mergeDebugJniLibFolders UP-TO-DATE
> Task :data:repository:mergeDebugNativeLibs NO-SOURCE
> Task :core:ui:mergeDebugNativeLibs NO-SOURCE
> Task :data:repository:copyDebugJniLibsProjectOnly UP-TO-DATE
> Task :core:ui:copyDebugJniLibsProjectOnly UP-TO-DATE
> Task :feature:home:mergeDebugJniLibFolders UP-TO-DATE
> Task :feature:player:mergeDebugJniLibFolders UP-TO-DATE
> Task :feature:home:mergeDebugNativeLibs NO-SOURCE
> Task :feature:library:mergeDebugJniLibFolders UP-TO-DATE
> Task :feature:home:copyDebugJniLibsProjectOnly UP-TO-DATE
> Task :feature:search:mergeDebugJniLibFolders UP-TO-DATE
> Task :feature:player:mergeDebugNativeLibs NO-SOURCE
> Task :feature:library:mergeDebugNativeLibs NO-SOURCE
> Task :feature:settings:mergeDebugJniLibFolders UP-TO-DATE
> Task :feature:library:copyDebugJniLibsProjectOnly UP-TO-DATE
> Task :media:playback:mergeDebugJniLibFolders UP-TO-DATE
> Task :feature:search:mergeDebugNativeLibs NO-SOURCE
> Task :feature:settings:mergeDebugNativeLibs NO-SOURCE
> Task :feature:settings:copyDebugJniLibsProjectOnly UP-TO-DATE
> Task :feature:search:copyDebugJniLibsProjectOnly UP-TO-DATE
> Task :media:playback:mergeDebugNativeLibs NO-SOURCE
> Task :media:playback:copyDebugJniLibsProjectOnly UP-TO-DATE
> Task :feature:player:copyDebugJniLibsProjectOnly UP-TO-DATE
> Task :data:database:javaPreCompileDebug UP-TO-DATE
> Task :data:database:mergeDebugShaders UP-TO-DATE
> Task :data:database:compileDebugShaders NO-SOURCE
> Task :data:database:generateDebugAssets UP-TO-DATE
> Task :data:database:packageDebugAssets UP-TO-DATE
> Task :data:database:mergeDebugJniLibFolders UP-TO-DATE
> Task :data:database:mergeDebugNativeLibs NO-SOURCE
> Task :data:database:copyDebugJniLibsProjectOnly UP-TO-DATE
> Task :core:model:compileDebugKotlin UP-TO-DATE
> Task :core:model:javaPreCompileDebug UP-TO-DATE
> Task :core:model:compileDebugJavaWithJavac NO-SOURCE
> Task :core:model:bundleLibCompileToJarDebug UP-TO-DATE
> Task :core:model:bundleLibRuntimeToJarDebug UP-TO-DATE
> Task :core:model:mergeDebugShaders UP-TO-DATE
> Task :core:model:compileDebugShaders NO-SOURCE
> Task :core:model:generateDebugAssets UP-TO-DATE
> Task :core:model:packageDebugAssets UP-TO-DATE
> Task :core:model:processDebugJavaRes UP-TO-DATE
> Task :core:model:bundleLibRuntimeToDirDebug UP-TO-DATE
> Task :core:model:mergeDebugJniLibFolders UP-TO-DATE
> Task :core:model:mergeDebugNativeLibs NO-SOURCE
> Task :core:model:copyDebugJniLibsProjectOnly UP-TO-DATE
> Task :core:common:kspDebugKotlin UP-TO-DATE
> Task :core:common:compileDebugKotlin UP-TO-DATE
> Task :core:common:javaPreCompileDebug UP-TO-DATE
> Task :core:common:compileDebugJavaWithJavac UP-TO-DATE
> Task :core:common:transformDebugClassesWithAsm UP-TO-DATE
> Task :core:common:bundleLibCompileToJarDebug UP-TO-DATE
> Task :core:common:bundleLibRuntimeToJarDebug UP-TO-DATE
> Task :core:common:mergeDebugShaders UP-TO-DATE
> Task :core:common:compileDebugShaders NO-SOURCE
> Task :core:common:generateDebugAssets UP-TO-DATE
> Task :core:common:packageDebugAssets UP-TO-DATE
> Task :app:checkFullDebugAarMetadata UP-TO-DATE
> Task :core:common:processDebugJavaRes UP-TO-DATE
> Task :core:common:bundleLibRuntimeToDirDebug UP-TO-DATE
> Task :core:common:mergeDebugJniLibFolders UP-TO-DATE
> Task :core:common:mergeDebugNativeLibs NO-SOURCE
> Task :core:common:copyDebugJniLibsProjectOnly UP-TO-DATE
> Task :app:mapFullDebugSourceSetPaths UP-TO-DATE
> Task :app:generateFullDebugResources UP-TO-DATE
> Task :app:mergeFullDebugResources UP-TO-DATE
> Task :app:packageFullDebugResources UP-TO-DATE
> Task :app:parseFullDebugLocalResources UP-TO-DATE
> Task :app:createFullDebugCompatibleScreenManifests UP-TO-DATE
> Task :app:extractDeepLinksFullDebug UP-TO-DATE
> Task :data:database:kspDebugKotlin UP-TO-DATE
> Task :app:processFullDebugMainManifest UP-TO-DATE
> Task :app:processFullDebugManifest UP-TO-DATE
> Task :app:processFullDebugManifestForPackage UP-TO-DATE
> Task :data:database:compileDebugKotlin UP-TO-DATE
> Task :data:database:compileDebugJavaWithJavac UP-TO-DATE
> Task :app:processFullDebugResources UP-TO-DATE
> Task :data:database:transformDebugClassesWithAsm UP-TO-DATE
> Task :data:database:bundleLibCompileToJarDebug UP-TO-DATE
> Task :data:database:bundleLibRuntimeToJarDebug UP-TO-DATE
> Task :app:javaPreCompileFullDebug UP-TO-DATE
> Task :data:database:processDebugJavaRes UP-TO-DATE
> Task :app:mergeFullDebugShaders UP-TO-DATE
> Task :app:compileFullDebugShaders NO-SOURCE
> Task :app:generateFullDebugAssets UP-TO-DATE
> Task :data:database:bundleLibRuntimeToDirDebug UP-TO-DATE
> Task :app:mergeFullDebugAssets UP-TO-DATE
> Task :app:compressFullDebugAssets UP-TO-DATE
> Task :app:checkFullDebugDuplicateClasses UP-TO-DATE
> Task :app:desugarFullDebugFileDependencies UP-TO-DATE
> Task :app:mergeExtDexFullDebug UP-TO-DATE
> Task :app:mergeFullDebugJniLibFolders UP-TO-DATE
> Task :app:mergeFullDebugNativeLibs UP-TO-DATE
> Task :app:stripFullDebugDebugSymbols UP-TO-DATE
> Task :app:validateSigningFullDebug UP-TO-DATE
> Task :app:writeFullDebugAppMetadata UP-TO-DATE
> Task :app:writeFullDebugSigningConfigVersions UP-TO-DATE
> Task :media:playback:kspDebugKotlin UP-TO-DATE
> Task :media:playback:compileDebugKotlin UP-TO-DATE
> Task :media:playback:compileDebugJavaWithJavac UP-TO-DATE
> Task :media:playback:transformDebugClassesWithAsm UP-TO-DATE
> Task :media:playback:bundleLibCompileToJarDebug UP-TO-DATE
> Task :media:playback:bundleLibRuntimeToJarDebug UP-TO-DATE
> Task :media:playback:processDebugJavaRes UP-TO-DATE
> Task :media:playback:bundleLibRuntimeToDirDebug UP-TO-DATE

> Task :data:network:kspDebugKotlin FAILED
e: [ksp] C:/Users/rohit/Music/REON LIBRA app using flutter first edition/project app 1/REONm/data/network/src/main/java/com/reon/music/data/network/StreamResolver.kt: (67, 20): Function declaration must have a name
e: Error occurred in KSP, check log for detail
e: file:///C:/Users/rohit/Music/REON%20LIBRA%20app%20using%20flutter%20first%20edition/project%20app%201/REONm/data/network/src/main/java/com/reon/music/data/network/StreamResolver.kt:39:32 Expecting an expression
e: file:///C:/Users/rohit/Music/REON%20LIBRA%20app%20using%20flutter%20first%20edition/project%20app%201/REONm/data/network/src/main/java/com/reon/music/data/network/StreamResolver.kt:39:33 Property getter or setter expected
e: file:///C:/Users/rohit/Music/REON%20LIBRA%20app%20using%20flutter%20first%20edition/project%20app%201/REONm/data/network/src/main/java/com/reon/music/data/network/StreamResolver.kt:46:20 Expecting an expression
e: file:///C:/Users/rohit/Music/REON%20LIBRA%20app%20using%20flutter%20first%20edition/project%20app%201/REONm/data/network/src/main/java/com/reon/music/data/network/StreamResolver.kt:46:20 Expecting ')'
e: file:///C:/Users/rohit/Music/REON%20LIBRA%20app%20using%20flutter%20first%20edition/project%20app%201/REONm/data/network/src/main/java/com/reon/music/data/network/StreamResolver.kt:46:21 Unexpected tokens (use ';' to separate expressions on the same line)
e: file:///C:/Users/rohit/Music/REON%20LIBRA%20app%20using%20flutter%20first%20edition/project%20app%201/REONm/data/network/src/main/java/com/reon/music/data/network/StreamResolver.kt:47:20 Expecting an expression
e: file:///C:/Users/rohit/Music/REON%20LIBRA%20app%20using%20flutter%20first%20edition/project%20app%201/REONm/data/network/src/main/java/com/reon/music/data/network/StreamResolver.kt:47:20 Expecting ')'
e: file:///C:/Users/rohit/Music/REON%20LIBRA%20app%20using%20flutter%20first%20edition/project%20app%201/REONm/data/network/src/main/java/com/reon/music/data/network/StreamResolver.kt:47:21 Unexpected tokens (use ';' to separate expressions on the same line)
e: file:///C:/Users/rohit/Music/REON%20LIBRA%20app%20using%20flutter%20first%20edition/project%20app%201/REONm/data/network/src/main/java/com/reon/music/data/network/StreamResolver.kt:48:20 Expecting an expression
e: file:///C:/Users/rohit/Music/REON%20LIBRA%20app%20using%20flutter%20first%20edition/project%20app%201/REONm/data/network/src/main/java/com/reon/music/data/network/StreamResolver.kt:48:20 Expecting ')'
e: file:///C:/Users/rohit/Music/REON%20LIBRA%20app%20using%20flutter%20first%20edition/project%20app%201/REONm/data/network/src/main/java/com/reon/music/data/network/StreamResolver.kt:48:21 Unexpected tokens (use ';' to separate expressions on the same line)
e: file:///C:/Users/rohit/Music/REON%20LIBRA%20app%20using%20flutter%20first%20edition/project%20app%201/REONm/data/network/src/main/java/com/reon/music/data/network/StreamResolver.kt:49:20 Expecting an expression
e: file:///C:/Users/rohit/Music/REON%20LIBRA%20app%20using%20flutter%20first%20edition/project%20app%201/REONm/data/network/src/main/java/com/reon/music/data/network/StreamResolver.kt:49:20 Expecting ')'
e: file:///C:/Users/rohit/Music/REON%20LIBRA%20app%20using%20flutter%20first%20edition/project%20app%201/REONm/data/network/src/main/java/com/reon/music/data/network/StreamResolver.kt:49:21 Unexpected tokens (use ';' to separate expressions on the same line)
e: file:///C:/Users/rohit/Music/REON%20LIBRA%20app%20using%20flutter%20first%20edition/project%20app%201/REONm/data/network/src/main/java/com/reon/music/data/network/StreamResolver.kt:50:20 Expecting an expression
e: file:///C:/Users/rohit/Music/REON%20LIBRA%20app%20using%20flutter%20first%20edition/project%20app%201/REONm/data/network/src/main/java/com/reon/music/data/network/StreamResolver.kt:50:20 Expecting ')'
e: file:///C:/Users/rohit/Music/REON%20LIBRA%20app%20using%20flutter%20first%20edition/project%20app%201/REONm/data/network/src/main/java/com/reon/music/data/network/StreamResolver.kt:50:21 Unexpected tokens (use ';' to separate expressions on the same line)
e: file:///C:/Users/rohit/Music/REON%20LIBRA%20app%20using%20flutter%20first%20edition/project%20app%201/REONm/data/network/src/main/java/com/reon/music/data/network/StreamResolver.kt:53:13 Expecting an expression
e: file:///C:/Users/rohit/Music/REON%20LIBRA%20app%20using%20flutter%20first%20edition/project%20app%201/REONm/data/network/src/main/java/com/reon/music/data/network/StreamResolver.kt:53:13 Expecting '->'
e: file:///C:/Users/rohit/Music/REON%20LIBRA%20app%20using%20flutter%20first%20edition/project%20app%201/REONm/data/network/src/main/java/com/reon/music/data/network/StreamResolver.kt:53:29 Expecting '"'
e: file:///C:/Users/rohit/Music/REON%20LIBRA%20app%20using%20flutter%20first%20edition/project%20app%201/REONm/data/network/src/main/java/com/reon/music/data/network/StreamResolver.kt:54:17 Expecting an expression
e: file:///C:/Users/rohit/Music/REON%20LIBRA%20app%20using%20flutter%20first%20edition/project%20app%201/REONm/data/network/src/main/java/com/reon/music/data/network/StreamResolver.kt:54:17 Expecting '->'
e: file:///C:/Users/rohit/Music/REON%20LIBRA%20app%20using%20flutter%20first%20edition/project%20app%201/REONm/data/network/src/main/java/com/reon/music/data/network/StreamResolver.kt:56:32 Expecting an expression
e: file:///C:/Users/rohit/Music/REON%20LIBRA%20app%20using%20flutter%20first%20edition/project%20app%201/REONm/data/network/src/main/java/com/reon/music/data/network/StreamResolver.kt:56:32 Expecting ')'
e: file:///C:/Users/rohit/Music/REON%20LIBRA%20app%20using%20flutter%20first%20edition/project%20app%201/REONm/data/network/src/main/java/com/reon/music/data/network/StreamResolver.kt:56:33 Unexpected tokens (use ';' to separate expressions on the same line)
e: file:///C:/Users/rohit/Music/REON%20LIBRA%20app%20using%20flutter%20first%20edition/project%20app%201/REONm/data/network/src/main/java/com/reon/music/data/network/StreamResolver.kt:57:32 Expecting an expression
e: file:///C:/Users/rohit/Music/REON%20LIBRA%20app%20using%20flutter%20first%20edition/project%20app%201/REONm/data/network/src/main/java/com/reon/music/data/network/StreamResolver.kt:57:32 Expecting ')'
e: file:///C:/Users/rohit/Music/REON%20LIBRA%20app%20using%20flutter%20first%20edition/project%20app%201/REONm/data/network/src/main/java/com/reon/music/data/network/StreamResolver.kt:57:33 Unexpected tokens (use ';' to separate expressions on the same line)
e: file:///C:/Users/rohit/Music/REON%20LIBRA%20app%20using%20flutter%20first%20edition/project%20app%201/REONm/data/network/src/main/java/com/reon/music/data/network/StreamResolver.kt:59:32 Expecting an expression
e: file:///C:/Users/rohit/Music/REON%20LIBRA%20app%20using%20flutter%20first%20edition/project%20app%201/REONm/data/network/src/main/java/com/reon/music/data/network/StreamResolver.kt:59:32 Expecting ')'
e: file:///C:/Users/rohit/Music/REON%20LIBRA%20app%20using%20flutter%20first%20edition/project%20app%201/REONm/data/network/src/main/java/com/reon/music/data/network/StreamResolver.kt:59:33 Unexpected tokens (use ';' to separate expressions on the same line)
e: file:///C:/Users/rohit/Music/REON%20LIBRA%20app%20using%20flutter%20first%20edition/project%20app%201/REONm/data/network/src/main/java/com/reon/music/data/network/StreamResolver.kt:61:20 Expecting an element
e: file:///C:/Users/rohit/Music/REON%20LIBRA%20app%20using%20flutter%20first%20edition/project%20app%201/REONm/data/network/src/main/java/com/reon/music/data/network/StreamResolver.kt:63:13 Expecting an element
e: file:///C:/Users/rohit/Music/REON%20LIBRA%20app%20using%20flutter%20first%20edition/project%20app%201/REONm/data/network/src/main/java/com/reon/music/data/network/StreamResolver.kt:63:27 Expecting '"'
e: file:///C:/Users/rohit/Music/REON%20LIBRA%20app%20using%20flutter%20first%20edition/project%20app%201/REONm/data/network/src/main/java/com/reon/music/data/network/StreamResolver.kt:64:28 Expecting an expression
e: file:///C:/Users/rohit/Music/REON%20LIBRA%20app%20using%20flutter%20first%20edition/project%20app%201/REONm/data/network/src/main/java/com/reon/music/data/network/StreamResolver.kt:64:28 Expecting ')'
e: file:///C:/Users/rohit/Music/REON%20LIBRA%20app%20using%20flutter%20first%20edition/project%20app%201/REONm/data/network/src/main/java/com/reon/music/data/network/StreamResolver.kt:64:29 Unexpected tokens (use ';' to separate expressions on the same line)
e: file:///C:/Users/rohit/Music/REON%20LIBRA%20app%20using%20flutter%20first%20edition/project%20app%201/REONm/data/network/src/main/java/com/reon/music/data/network/StreamResolver.kt:67:12 Expecting member declaration
e: file:///C:/Users/rohit/Music/REON%20LIBRA%20app%20using%20flutter%20first%20edition/project%20app%201/REONm/data/network/src/main/java/com/reon/music/data/network/StreamResolver.kt:67:17 Expecting member declaration
e: file:///C:/Users/rohit/Music/REON%20LIBRA%20app%20using%20flutter%20first%20edition/project%20app%201/REONm/data/network/src/main/java/com/reon/music/data/network/StreamResolver.kt:67:20 Expecting member declaration
e: file:///C:/Users/rohit/Music/REON%20LIBRA%20app%20using%20flutter%20first%20edition/project%20app%201/REONm/data/network/src/main/java/com/reon/music/data/network/StreamResolver.kt:68:28 Expecting an expression
e: file:///C:/Users/rohit/Music/REON%20LIBRA%20app%20using%20flutter%20first%20edition/project%20app%201/REONm/data/network/src/main/java/com/reon/music/data/network/StreamResolver.kt:68:28 Expecting ')'
e: file:///C:/Users/rohit/Music/REON%20LIBRA%20app%20using%20flutter%20first%20edition/project%20app%201/REONm/data/network/src/main/java/com/reon/music/data/network/StreamResolver.kt:68:29 Unexpected tokens (use ';' to separate expressions on the same line)
e: file:///C:/Users/rohit/Music/REON%20LIBRA%20app%20using%20flutter%20first%20edition/project%20app%201/REONm/data/network/src/main/java/com/reon/music/data/network/StreamResolver.kt:72:32 Expecting an expression
e: file:///C:/Users/rohit/Music/REON%20LIBRA%20app%20using%20flutter%20first%20edition/project%20app%201/REONm/data/network/src/main/java/com/reon/music/data/network/StreamResolver.kt:72:32 Expecting ')'
e: file:///C:/Users/rohit/Music/REON%20LIBRA%20app%20using%20flutter%20first%20edition/project%20app%201/REONm/data/network/src/main/java/com/reon/music/data/network/StreamResolver.kt:72:33 Unexpected tokens (use ';' to separate expressions on the same line)
e: file:///C:/Users/rohit/Music/REON%20LIBRA%20app%20using%20flutter%20first%20edition/project%20app%201/REONm/data/network/src/main/java/com/reon/music/data/network/StreamResolver.kt:74:32 Expecting an expression
e: file:///C:/Users/rohit/Music/REON%20LIBRA%20app%20using%20flutter%20first%20edition/project%20app%201/REONm/data/network/src/main/java/com/reon/music/data/network/StreamResolver.kt:74:32 Expecting ')'
e: file:///C:/Users/rohit/Music/REON%20LIBRA%20app%20using%20flutter%20first%20edition/project%20app%201/REONm/data/network/src/main/java/com/reon/music/data/network/StreamResolver.kt:74:33 Unexpected tokens (use ';' to separate expressions on the same line)
e: file:///C:/Users/rohit/Music/REON%20LIBRA%20app%20using%20flutter%20first%20edition/project%20app%201/REONm/data/network/src/main/java/com/reon/music/data/network/StreamResolver.kt:79:5 Expecting a top level declaration
e: file:///C:/Users/rohit/Music/REON%20LIBRA%20app%20using%20flutter%20first%20edition/project%20app%201/REONm/data/network/src/main/java/com/reon/music/data/network/StreamResolver.kt:88:20 Expecting an expression
e: file:///C:/Users/rohit/Music/REON%20LIBRA%20app%20using%20flutter%20first%20edition/project%20app%201/REONm/data/network/src/main/java/com/reon/music/data/network/StreamResolver.kt:88:20 Expecting ')'
e: file:///C:/Users/rohit/Music/REON%20LIBRA%20app%20using%20flutter%20first%20edition/project%20app%201/REONm/data/network/src/main/java/com/reon/music/data/network/StreamResolver.kt:88:21 Unexpected tokens (use ';' to separate expressions on the same line)
e: file:///C:/Users/rohit/Music/REON%20LIBRA%20app%20using%20flutter%20first%20edition/project%20app%201/REONm/data/network/src/main/java/com/reon/music/data/network/StreamResolver.kt:92:32 Expecting an expression
e: file:///C:/Users/rohit/Music/REON%20LIBRA%20app%20using%20flutter%20first%20edition/project%20app%201/REONm/data/network/src/main/java/com/reon/music/data/network/StreamResolver.kt:92:32 Expecting ')'
e: file:///C:/Users/rohit/Music/REON%20LIBRA%20app%20using%20flutter%20first%20edition/project%20app%201/REONm/data/network/src/main/java/com/reon/music/data/network/StreamResolver.kt:92:33 Unexpected tokens (use ';' to separate expressions on the same line)
e: file:///C:/Users/rohit/Music/REON%20LIBRA%20app%20using%20flutter%20first%20edition/project%20app%201/REONm/data/network/src/main/java/com/reon/music/data/network/StreamResolver.kt:95:32 Expecting an expression
e: file:///C:/Users/rohit/Music/REON%20LIBRA%20app%20using%20flutter%20first%20edition/project%20app%201/REONm/data/network/src/main/java/com/reon/music/data/network/StreamResolver.kt:95:32 Expecting ')'
e: file:///C:/Users/rohit/Music/REON%20LIBRA%20app%20using%20flutter%20first%20edition/project%20app%201/REONm/data/network/src/main/java/com/reon/music/data/network/StreamResolver.kt:95:33 Unexpected tokens (use ';' to separate expressions on the same line)
e: file:///C:/Users/rohit/Music/REON%20LIBRA%20app%20using%20flutter%20first%20edition/project%20app%201/REONm/data/network/src/main/java/com/reon/music/data/network/StreamResolver.kt:97:29 Expecting an expression
e: file:///C:/Users/rohit/Music/REON%20LIBRA%20app%20using%20flutter%20first%20edition/project%20app%201/REONm/data/network/src/main/java/com/reon/music/data/network/StreamResolver.kt:97:29 Expecting ')'
e: file:///C:/Users/rohit/Music/REON%20LIBRA%20app%20using%20flutter%20first%20edition/project%20app%201/REONm/data/network/src/main/java/com/reon/music/data/network/StreamResolver.kt:97:30 Unexpected tokens (use ';' to separate expressions on the same line)
e: file:///C:/Users/rohit/Music/REON%20LIBRA%20app%20using%20flutter%20first%20edition/project%20app%201/REONm/data/network/src/main/java/com/reon/music/data/network/StreamResolver.kt:99:24 Expecting an expression
e: file:///C:/Users/rohit/Music/REON%20LIBRA%20app%20using%20flutter%20first%20edition/project%20app%201/REONm/data/network/src/main/java/com/reon/music/data/network/StreamResolver.kt:99:24 Expecting ')'
e: file:///C:/Users/rohit/Music/REON%20LIBRA%20app%20using%20flutter%20first%20edition/project%20app%201/REONm/data/network/src/main/java/com/reon/music/data/network/StreamResolver.kt:99:25 Unexpected tokens (use ';' to separate expressions on the same line)
e: file:///C:/Users/rohit/Music/REON%20LIBRA%20app%20using%20flutter%20first%20edition/project%20app%201/REONm/data/network/src/main/java/com/reon/music/data/network/StreamResolver.kt:103:20 Expecting an expression
e: file:///C:/Users/rohit/Music/REON%20LIBRA%20app%20using%20flutter%20first%20edition/project%20app%201/REONm/data/network/src/main/java/com/reon/music/data/network/StreamResolver.kt:103:20 Expecting ')'
e: file:///C:/Users/rohit/Music/REON%20LIBRA%20app%20using%20flutter%20first%20edition/project%20app%201/REONm/data/network/src/main/java/com/reon/music/data/network/StreamResolver.kt:103:21 Unexpected tokens (use ';' to separate expressions on the same line)
e: file:///C:/Users/rohit/Music/REON%20LIBRA%20app%20using%20flutter%20first%20edition/project%20app%201/REONm/data/network/src/main/java/com/reon/music/data/network/StreamResolver.kt:107:32 Expecting an expression
e: file:///C:/Users/rohit/Music/REON%20LIBRA%20app%20using%20flutter%20first%20edition/project%20app%201/REONm/data/network/src/main/java/com/reon/music/data/network/StreamResolver.kt:107:32 Expecting ')'
e: file:///C:/Users/rohit/Music/REON%20LIBRA%20app%20using%20flutter%20first%20edition/project%20app%201/REONm/data/network/src/main/java/com/reon/music/data/network/StreamResolver.kt:107:33 Unexpected tokens (use ';' to separate expressions on the same line)
e: file:///C:/Users/rohit/Music/REON%20LIBRA%20app%20using%20flutter%20first%20edition/project%20app%201/REONm/data/network/src/main/java/com/reon/music/data/network/StreamResolver.kt:110:32 Expecting an expression
e: file:///C:/Users/rohit/Music/REON%20LIBRA%20app%20using%20flutter%20first%20edition/project%20app%201/REONm/data/network/src/main/java/com/reon/music/data/network/StreamResolver.kt:110:32 Expecting ')'
e: file:///C:/Users/rohit/Music/REON%20LIBRA%20app%20using%20flutter%20first%20edition/project%20app%201/REONm/data/network/src/main/java/com/reon/music/data/network/StreamResolver.kt:110:33 Unexpected tokens (use ';' to separate expressions on the same line)
e: file:///C:/Users/rohit/Music/REON%20LIBRA%20app%20using%20flutter%20first%20edition/project%20app%201/REONm/data/network/src/main/java/com/reon/music/data/network/StreamResolver.kt:112:29 Expecting an expression
e: file:///C:/Users/rohit/Music/REON%20LIBRA%20app%20using%20flutter%20first%20edition/project%20app%201/REONm/data/network/src/main/java/com/reon/music/data/network/StreamResolver.kt:112:29 Expecting ')'
e: file:///C:/Users/rohit/Music/REON%20LIBRA%20app%20using%20flutter%20first%20edition/project%20app%201/REONm/data/network/src/main/java/com/reon/music/data/network/StreamResolver.kt:112:30 Unexpected tokens (use ';' to separate expressions on the same line)
e: file:///C:/Users/rohit/Music/REON%20LIBRA%20app%20using%20flutter%20first%20edition/project%20app%201/REONm/data/network/src/main/java/com/reon/music/data/network/StreamResolver.kt:114:24 Expecting an expression
e: file:///C:/Users/rohit/Music/REON%20LIBRA%20app%20using%20flutter%20first%20edition/project%20app%201/REONm/data/network/src/main/java/com/reon/music/data/network/StreamResolver.kt:114:24 Expecting ')'
e: file:///C:/Users/rohit/Music/REON%20LIBRA%20app%20using%20flutter%20first%20edition/project%20app%201/REONm/data/network/src/main/java/com/reon/music/data/network/StreamResolver.kt:114:25 Unexpected tokens (use ';' to separate expressions on the same line)
e: file:///C:/Users/rohit/Music/REON%20LIBRA%20app%20using%20flutter%20first%20edition/project%20app%201/REONm/data/network/src/main/java/com/reon/music/data/network/StreamResolver.kt:118:20 Expecting an expression
e: file:///C:/Users/rohit/Music/REON%20LIBRA%20app%20using%20flutter%20first%20edition/project%20app%201/REONm/data/network/src/main/java/com/reon/music/data/network/StreamResolver.kt:118:20 Expecting ')'
e: file:///C:/Users/rohit/Music/REON%20LIBRA%20app%20using%20flutter%20first%20edition/project%20app%201/REONm/data/network/src/main/java/com/reon/music/data/network/StreamResolver.kt:118:21 Unexpected tokens (use ';' to separate expressions on the same line)
e: file:///C:/Users/rohit/Music/REON%20LIBRA%20app%20using%20flutter%20first%20edition/project%20app%201/REONm/data/network/src/main/java/com/reon/music/data/network/StreamResolver.kt:120:13 Expecting an expression
e: file:///C:/Users/rohit/Music/REON%20LIBRA%20app%20using%20flutter%20first%20edition/project%20app%201/REONm/data/network/src/main/java/com/reon/music/data/network/StreamResolver.kt:120:13 Expecting ')'
e: file:///C:/Users/rohit/Music/REON%20LIBRA%20app%20using%20flutter%20first%20edition/project%20app%201/REONm/data/network/src/main/java/com/reon/music/data/network/StreamResolver.kt:120:14 Unexpected tokens (use ';' to separate expressions on the same line)
e: file:///C:/Users/rohit/Music/REON%20LIBRA%20app%20using%20flutter%20first%20edition/project%20app%201/REONm/data/network/src/main/java/com/reon/music/data/network/StreamResolver.kt:121:13 Expecting an element
e: file:///C:/Users/rohit/Music/REON%20LIBRA%20app%20using%20flutter%20first%20edition/project%20app%201/REONm/data/network/src/main/java/com/reon/music/data/network/StreamResolver.kt:121:46 Expecting '"'
e: file:///C:/Users/rohit/Music/REON%20LIBRA%20app%20using%20flutter%20first%20edition/project%20app%201/REONm/data/network/src/main/java/com/reon/music/data/network/StreamResolver.kt:122:13 Expecting an element
e: file:///C:/Users/rohit/Music/REON%20LIBRA%20app%20using%20flutter%20first%20edition/project%20app%201/REONm/data/network/src/main/java/com/reon/music/data/network/StreamResolver.kt:122:50 Expecting '"'
e: file:///C:/Users/rohit/Music/REON%20LIBRA%20app%20using%20flutter%20first%20edition/project%20app%201/REONm/data/network/src/main/java/com/reon/music/data/network/StreamResolver.kt:123:13 Expecting an element
e: file:///C:/Users/rohit/Music/REON%20LIBRA%20app%20using%20flutter%20first%20edition/project%20app%201/REONm/data/network/src/main/java/com/reon/music/data/network/StreamResolver.kt:123:48 Expecting '"'
e: file:///C:/Users/rohit/Music/REON%20LIBRA%20app%20using%20flutter%20first%20edition/project%20app%201/REONm/data/network/src/main/java/com/reon/music/data/network/StreamResolver.kt:124:13 Expecting an element
e: file:///C:/Users/rohit/Music/REON%20LIBRA%20app%20using%20flutter%20first%20edition/project%20app%201/REONm/data/network/src/main/java/com/reon/music/data/network/StreamResolver.kt:124:45 Expecting '"'
e: file:///C:/Users/rohit/Music/REON%20LIBRA%20app%20using%20flutter%20first%20edition/project%20app%201/REONm/data/network/src/main/java/com/reon/music/data/network/StreamResolver.kt:125:9 Expecting an element
e: file:///C:/Users/rohit/Music/REON%20LIBRA%20app%20using%20flutter%20first%20edition/project%20app%201/REONm/data/network/src/main/java/com/reon/music/data/network/StreamResolver.kt:129:28 Expecting an expression
e: file:///C:/Users/rohit/Music/REON%20LIBRA%20app%20using%20flutter%20first%20edition/project%20app%201/REONm/data/network/src/main/java/com/reon/music/data/network/StreamResolver.kt:129:28 Expecting ')'
e: file:///C:/Users/rohit/Music/REON%20LIBRA%20app%20using%20flutter%20first%20edition/project%20app%201/REONm/data/network/src/main/java/com/reon/music/data/network/StreamResolver.kt:129:29 Unexpected tokens (use ';' to separate expressions on the same line)
e: file:///C:/Users/rohit/Music/REON%20LIBRA%20app%20using%20flutter%20first%20edition/project%20app%201/REONm/data/network/src/main/java/com/reon/music/data/network/StreamResolver.kt:130:61 Expecting an expression
e: file:///C:/Users/rohit/Music/REON%20LIBRA%20app%20using%20flutter%20first%20edition/project%20app%201/REONm/data/network/src/main/java/com/reon/music/data/network/StreamResolver.kt:130:61 Expecting ')'
e: file:///C:/Users/rohit/Music/REON%20LIBRA%20app%20using%20flutter%20first%20edition/project%20app%201/REONm/data/network/src/main/java/com/reon/music/data/network/StreamResolver.kt:130:62 Unexpected tokens (use ';' to separate expressions on the same line)
e: file:///C:/Users/rohit/Music/REON%20LIBRA%20app%20using%20flutter%20first%20edition/project%20app%201/REONm/data/network/src/main/java/com/reon/music/data/network/StreamResolver.kt:134:18 Expecting 'catch' or 'finally'
e: file:///C:/Users/rohit/Music/REON%20LIBRA%20app%20using%20flutter%20first%20edition/project%20app%201/REONm/data/network/src/main/java/com/reon/music/data/network/StreamResolver.kt:139:56 Expecting an expression
e: file:///C:/Users/rohit/Music/REON%20LIBRA%20app%20using%20flutter%20first%20edition/project%20app%201/REONm/data/network/src/main/java/com/reon/music/data/network/StreamResolver.kt:139:56 Unexpected tokens (use ';' to separate expressions on the same line)
e: file:///C:/Users/rohit/Music/REON%20LIBRA%20app%20using%20flutter%20first%20edition/project%20app%201/REONm/data/network/src/main/java/com/reon/music/data/network/StreamResolver.kt:142:36 Expecting an expression
e: file:///C:/Users/rohit/Music/REON%20LIBRA%20app%20using%20flutter%20first%20edition/project%20app%201/REONm/data/network/src/main/java/com/reon/music/data/network/StreamResolver.kt:142:36 Expecting ')'
e: file:///C:/Users/rohit/Music/REON%20LIBRA%20app%20using%20flutter%20first%20edition/project%20app%201/REONm/data/network/src/main/java/com/reon/music/data/network/StreamResolver.kt:142:37 Unexpected tokens (use ';' to separate expressions on the same line)
e: file:///C:/Users/rohit/Music/REON%20LIBRA%20app%20using%20flutter%20first%20edition/project%20app%201/REONm/data/network/src/main/java/com/reon/music/data/network/StreamResolver.kt:144:43 Expecting an expression
e: file:///C:/Users/rohit/Music/REON%20LIBRA%20app%20using%20flutter%20first%20edition/project%20app%201/REONm/data/network/src/main/java/com/reon/music/data/network/StreamResolver.kt:144:43 Unexpected tokens (use ';' to separate expressions on the same line)
e: file:///C:/Users/rohit/Music/REON%20LIBRA%20app%20using%20flutter%20first%20edition/project%20app%201/REONm/data/network/src/main/java/com/reon/music/data/network/StreamResolver.kt:146:43 Expecting an expression
e: file:///C:/Users/rohit/Music/REON%20LIBRA%20app%20using%20flutter%20first%20edition/project%20app%201/REONm/data/network/src/main/java/com/reon/music/data/network/StreamResolver.kt:146:43 Unexpected tokens (use ';' to separate expressions on the same line)
e: file:///C:/Users/rohit/Music/REON%20LIBRA%20app%20using%20flutter%20first%20edition/project%20app%201/REONm/data/network/src/main/java/com/reon/music/data/network/StreamResolver.kt:149:52 Expecting an expression
e: file:///C:/Users/rohit/Music/REON%20LIBRA%20app%20using%20flutter%20first%20edition/project%20app%201/REONm/data/network/src/main/java/com/reon/music/data/network/StreamResolver.kt:149:52 Expecting ')'
e: file:///C:/Users/rohit/Music/REON%20LIBRA%20app%20using%20flutter%20first%20edition/project%20app%201/REONm/data/network/src/main/java/com/reon/music/data/network/StreamResolver.kt:149:53 Unexpected tokens (use ';' to separate expressions on the same line)
e: file:///C:/Users/rohit/Music/REON%20LIBRA%20app%20using%20flutter%20first%20edition/project%20app%201/REONm/data/network/src/main/java/com/reon/music/data/network/StreamResolver.kt:150:40 Expecting an expression
e: file:///C:/Users/rohit/Music/REON%20LIBRA%20app%20using%20flutter%20first%20edition/project%20app%201/REONm/data/network/src/main/java/com/reon/music/data/network/StreamResolver.kt:150:40 Expecting ')'
e: file:///C:/Users/rohit/Music/REON%20LIBRA%20app%20using%20flutter%20first%20edition/project%20app%201/REONm/data/network/src/main/java/com/reon/music/data/network/StreamResolver.kt:150:41 Unexpected tokens (use ';' to separate expressions on the same line)
e: file:///C:/Users/rohit/Music/REON%20LIBRA%20app%20using%20flutter%20first%20edition/project%20app%201/REONm/data/network/src/main/java/com/reon/music/data/network/StreamResolver.kt:154:36 Expecting an expression
e: file:///C:/Users/rohit/Music/REON%20LIBRA%20app%20using%20flutter%20first%20edition/project%20app%201/REONm/data/network/src/main/java/com/reon/music/data/network/StreamResolver.kt:154:36 Expecting ')'
e: file:///C:/Users/rohit/Music/REON%20LIBRA%20app%20using%20flutter%20first%20edition/project%20app%201/REONm/data/network/src/main/java/com/reon/music/data/network/StreamResolver.kt:154:37 Unexpected tokens (use ';' to separate expressions on the same line)
e: file:///C:/Users/rohit/Music/REON%20LIBRA%20app%20using%20flutter%20first%20edition/project%20app%201/REONm/data/network/src/main/java/com/reon/music/data/network/StreamResolver.kt:157:15 Expecting a top level declaration
e: file:///C:/Users/rohit/Music/REON%20LIBRA%20app%20using%20flutter%20first%20edition/project%20app%201/REONm/data/network/src/main/java/com/reon/music/data/network/StreamResolver.kt:157:21 Expecting a top level declaration
e: file:///C:/Users/rohit/Music/REON%20LIBRA%20app%20using%20flutter%20first%20edition/project%20app%201/REONm/data/network/src/main/java/com/reon/music/data/network/StreamResolver.kt:157:22 Expecting a top level declaration
e: file:///C:/Users/rohit/Music/REON%20LIBRA%20app%20using%20flutter%20first%20edition/project%20app%201/REONm/data/network/src/main/java/com/reon/music/data/network/StreamResolver.kt:157:23 Expecting a top level declaration
e: file:///C:/Users/rohit/Music/REON%20LIBRA%20app%20using%20flutter%20first%20edition/project%20app%201/REONm/data/network/src/main/java/com/reon/music/data/network/StreamResolver.kt:157:25 Expecting a top level declaration
e: file:///C:/Users/rohit/Music/REON%20LIBRA%20app%20using%20flutter%20first%20edition/project%20app%201/REONm/data/network/src/main/java/com/reon/music/data/network/StreamResolver.kt:157:34 Expecting a top level declaration
e: file:///C:/Users/rohit/Music/REON%20LIBRA%20app%20using%20flutter%20first%20edition/project%20app%201/REONm/data/network/src/main/java/com/reon/music/data/network/StreamResolver.kt:157:36 Expecting a top level declaration
e: file:///C:/Users/rohit/Music/REON%20LIBRA%20app%20using%20flutter%20first%20edition/project%20app%201/REONm/data/network/src/main/java/com/reon/music/data/network/StreamResolver.kt:158:28 Expecting an expression
e: file:///C:/Users/rohit/Music/REON%20LIBRA%20app%20using%20flutter%20first%20edition/project%20app%201/REONm/data/network/src/main/java/com/reon/music/data/network/StreamResolver.kt:158:28 Expecting ')'
e: file:///C:/Users/rohit/Music/REON%20LIBRA%20app%20using%20flutter%20first%20edition/project%20app%201/REONm/data/network/src/main/java/com/reon/music/data/network/StreamResolver.kt:158:29 Unexpected tokens (use ';' to separate expressions on the same line)
e: file:///C:/Users/rohit/Music/REON%20LIBRA%20app%20using%20flutter%20first%20edition/project%20app%201/REONm/data/network/src/main/java/com/reon/music/data/network/StreamResolver.kt:160:9 Expecting a top level declaration
e: file:///C:/Users/rohit/Music/REON%20LIBRA%20app%20using%20flutter%20first%20edition/project%20app%201/REONm/data/network/src/main/java/com/reon/music/data/network/StreamResolver.kt:162:9 Expecting a top level declaration
e: file:///C:/Users/rohit/Music/REON%20LIBRA%20app%20using%20flutter%20first%20edition/project%20app%201/REONm/data/network/src/main/java/com/reon/music/data/network/StreamResolver.kt:162:12 Expecting a top level declaration
e: file:///C:/Users/rohit/Music/REON%20LIBRA%20app%20using%20flutter%20first%20edition/project%20app%201/REONm/data/network/src/main/java/com/reon/music/data/network/StreamResolver.kt:162:13 Expecting a top level declaration
e: file:///C:/Users/rohit/Music/REON%20LIBRA%20app%20using%20flutter%20first%20edition/project%20app%201/REONm/data/network/src/main/java/com/reon/music/data/network/StreamResolver.kt:162:14 Expecting a top level declaration
e: file:///C:/Users/rohit/Music/REON%20LIBRA%20app%20using%20flutter%20first%20edition/project%20app%201/REONm/data/network/src/main/java/com/reon/music/data/network/StreamResolver.kt:162:15 Expecting a top level declaration
e: file:///C:/Users/rohit/Music/REON%20LIBRA%20app%20using%20flutter%20first%20edition/project%20app%201/REONm/data/network/src/main/java/com/reon/music/data/network/StreamResolver.kt:162:18 Expecting a top level declaration
e: file:///C:/Users/rohit/Music/REON%20LIBRA%20app%20using%20flutter%20first%20edition/project%20app%201/REONm/data/network/src/main/java/com/reon/music/data/network/StreamResolver.kt:162:20 Expecting a top level declaration
e: file:///C:/Users/rohit/Music/REON%20LIBRA%20app%20using%20flutter%20first%20edition/project%20app%201/REONm/data/network/src/main/java/com/reon/music/data/network/StreamResolver.kt:162:21 Expecting a top level declaration
e: file:///C:/Users/rohit/Music/REON%20LIBRA%20app%20using%20flutter%20first%20edition/project%20app%201/REONm/data/network/src/main/java/com/reon/music/data/network/StreamResolver.kt:162:22 Expecting a top level declaration
e: file:///C:/Users/rohit/Music/REON%20LIBRA%20app%20using%20flutter%20first%20edition/project%20app%201/REONm/data/network/src/main/java/com/reon/music/data/network/StreamResolver.kt:162:66 Expecting a top level declaration
e: file:///C:/Users/rohit/Music/REON%20LIBRA%20app%20using%20flutter%20first%20edition/project%20app%201/REONm/data/network/src/main/java/com/reon/music/data/network/StreamResolver.kt:162:68 Expecting a top level declaration
e: file:///C:/Users/rohit/Music/REON%20LIBRA%20app%20using%20flutter%20first%20edition/project%20app%201/REONm/data/network/src/main/java/com/reon/music/data/network/StreamResolver.kt:162:72 Expecting a top level declaration
e: file:///C:/Users/rohit/Music/REON%20LIBRA%20app%20using%20flutter%20first%20edition/project%20app%201/REONm/data/network/src/main/java/com/reon/music/data/network/StreamResolver.kt:162:73 Expecting a top level declaration
e: file:///C:/Users/rohit/Music/REON%20LIBRA%20app%20using%20flutter%20first%20edition/project%20app%201/REONm/data/network/src/main/java/com/reon/music/data/network/StreamResolver.kt:162:78 Expecting a top level declaration
e: file:///C:/Users/rohit/Music/REON%20LIBRA%20app%20using%20flutter%20first%20edition/project%20app%201/REONm/data/network/src/main/java/com/reon/music/data/network/StreamResolver.kt:162:79 Expecting a top level declaration
e: file:///C:/Users/rohit/Music/REON%20LIBRA%20app%20using%20flutter%20first%20edition/project%20app%201/REONm/data/network/src/main/java/com/reon/music/data/network/StreamResolver.kt:162:81 Expecting a top level declaration
e: file:///C:/Users/rohit/Music/REON%20LIBRA%20app%20using%20flutter%20first%20edition/project%20app%201/REONm/data/network/src/main/java/com/reon/music/data/network/StreamResolver.kt:162:82 Expecting a top level declaration
e: file:///C:/Users/rohit/Music/REON%20LIBRA%20app%20using%20flutter%20first%20edition/project%20app%201/REONm/data/network/src/main/java/com/reon/music/data/network/StreamResolver.kt:163:9 Expecting a top level declaration
e: file:///C:/Users/rohit/Music/REON%20LIBRA%20app%20using%20flutter%20first%20edition/project%20app%201/REONm/data/network/src/main/java/com/reon/music/data/network/StreamResolver.kt:163:16 Expecting a top level declaration
e: file:///C:/Users/rohit/Music/REON%20LIBRA%20app%20using%20flutter%20first%20edition/project%20app%201/REONm/data/network/src/main/java/com/reon/music/data/network/StreamResolver.kt:164:5 Expecting a top level declaration
e: file:///C:/Users/rohit/Music/REON%20LIBRA%20app%20using%20flutter%20first%20edition/project%20app%201/REONm/data/network/src/main/java/com/reon/music/data/network/StreamResolver.kt:179:24 Expecting an expression
e: file:///C:/Users/rohit/Music/REON%20LIBRA%20app%20using%20flutter%20first%20edition/project%20app%201/REONm/data/network/src/main/java/com/reon/music/data/network/StreamResolver.kt:179:24 Expecting ')'
e: file:///C:/Users/rohit/Music/REON%20LIBRA%20app%20using%20flutter%20first%20edition/project%20app%201/REONm/data/network/src/main/java/com/reon/music/data/network/StreamResolver.kt:179:25 Unexpected tokens (use ';' to separate expressions on the same line)
e: file:///C:/Users/rohit/Music/REON%20LIBRA%20app%20using%20flutter%20first%20edition/project%20app%201/REONm/data/network/src/main/java/com/reon/music/data/network/StreamResolver.kt:181:9 Expecting an element
e: file:///C:/Users/rohit/Music/REON%20LIBRA%20app%20using%20flutter%20first%20edition/project%20app%201/REONm/data/network/src/main/java/com/reon/music/data/network/StreamResolver.kt:181:10 Unexpected tokens (use ';' to separate expressions on the same line)
e: file:///C:/Users/rohit/Music/REON%20LIBRA%20app%20using%20flutter%20first%20edition/project%20app%201/REONm/data/network/src/main/java/com/reon/music/data/network/StreamResolver.kt:183:24 Expecting an expression
e: file:///C:/Users/rohit/Music/REON%20LIBRA%20app%20using%20flutter%20first%20edition/project%20app%201/REONm/data/network/src/main/java/com/reon/music/data/network/StreamResolver.kt:183:24 Expecting ')'
e: file:///C:/Users/rohit/Music/REON%20LIBRA%20app%20using%20flutter%20first%20edition/project%20app%201/REONm/data/network/src/main/java/com/reon/music/data/network/StreamResolver.kt:183:25 Unexpected tokens (use ';' to separate expressions on the same line)
e: file:///C:/Users/rohit/Music/REON%20LIBRA%20app%20using%20flutter%20first%20edition/project%20app%201/REONm/data/network/src/main/java/com/reon/music/data/network/StreamResolver.kt:185:10 Expecting 'catch' or 'finally'
e: file:///C:/Users/rohit/Music/REON%20LIBRA%20app%20using%20flutter%20first%20edition/project%20app%201/REONm/data/network/src/main/java/com/reon/music/data/network/StreamResolver.kt:187:1 Expecting a top level declaration

FAILURE: Build failed with an exception.

* What went wrong:
Execution failed for task ':data:network:kspDebugKotlin'.
> A failure occurred while executing org.jetbrains.kotlin.compilerRunner.GradleCompilerRunnerWithWorkers$GradleKotlinCompilerWorkAction
   > Compilation error. See log for more details

* Try:
> Run with --stacktrace option to get the stack trace.
> Run with --info or --debug option to get more log output.
> Run with --scan to get full insights.
> Get more help at https://help.gradle.org.

BUILD FAILED in 4s
215 actionable tasks: 1 executed, 214 up-to-date
